Archive member included because of file (symbol)

contiki-srf06-cc26xx.a(contiki-main.o)
                              obj_srf06-cc26xx/startup_gcc.o (main)
contiki-srf06-cc26xx.a(sensors.o)
                              fft.co (sensors_event)
contiki-srf06-cc26xx.a(leds.o)
                              contiki-srf06-cc26xx.a(contiki-main.o) (leds_init)
contiki-srf06-cc26xx.a(leds-arch.o)
                              contiki-srf06-cc26xx.a(leds.o) (leds_arch_init)
contiki-srf06-cc26xx.a(sensortag-senso)
                              contiki-srf06-cc26xx.a(sensors.o) (sensors_flags)
contiki-srf06-cc26xx.a(bmp-280-sensor.)
                              contiki-srf06-cc26xx.a(sensortag-senso) (bmp_280_sensor)
contiki-srf06-cc26xx.a(tmp-007-sensor.)
                              contiki-srf06-cc26xx.a(sensortag-senso) (tmp_007_sensor)
contiki-srf06-cc26xx.a(opt-3001-sensor)
                              contiki-srf06-cc26xx.a(sensortag-senso) (opt_3001_sensor)
contiki-srf06-cc26xx.a(hdc-1000-sensor)
                              contiki-srf06-cc26xx.a(sensortag-senso) (hdc_1000_sensor)
contiki-srf06-cc26xx.a(mpu-9250-sensor)
                              fft.co (mpu_9250_sensor)
contiki-srf06-cc26xx.a(button-sensor.o)
                              contiki-srf06-cc26xx.a(sensortag-senso) (button_right_sensor)
contiki-srf06-cc26xx.a(reed-relay.o)
                              contiki-srf06-cc26xx.a(sensortag-senso) (reed_relay_sensor)
contiki-srf06-cc26xx.a(board.o)
                              contiki-srf06-cc26xx.a(contiki-main.o) (board_init)
contiki-srf06-cc26xx.a(board-i2c.o)
                              contiki-srf06-cc26xx.a(board.o) (board_i2c_wakeup)
contiki-srf06-cc26xx.a(clock.o)
                              contiki-srf06-cc26xx.a(contiki-main.o) (clock_init)
contiki-srf06-cc26xx.a(rtimer-arch.o)
                              contiki-srf06-cc26xx.a(mpu-9250-sensor) (rtimer_arch_now)
contiki-srf06-cc26xx.a(soc-rtc.o)
                              contiki-srf06-cc26xx.a(contiki-main.o) (soc_rtc_init)
contiki-srf06-cc26xx.a(contiki-watchdo)
                              contiki-srf06-cc26xx.a(contiki-main.o) (watchdog_init)
contiki-srf06-cc26xx.a(putchar.o)
                              contiki-srf06-cc26xx.a(contiki-main.o) (putchar)
contiki-srf06-cc26xx.a(ieee-addr.o)
                              contiki-srf06-cc26xx.a(contiki-main.o) (ieee_addr_cpy_to)
contiki-srf06-cc26xx.a(cc26xx-uart.o)
                              contiki-srf06-cc26xx.a(contiki-main.o) (cc26xx_uart_init)
contiki-srf06-cc26xx.a(lpm.o)
                              contiki-srf06-cc26xx.a(button-sensor.o) (lpm_shutdown)
contiki-srf06-cc26xx.a(gpio-interrupt.)
                              contiki-srf06-cc26xx.a(button-sensor.o) (gpio_interrupt_register_handler)
contiki-srf06-cc26xx.a(oscillators.o)
                              contiki-srf06-cc26xx.a(contiki-main.o) (oscillators_select_lf_xosc)
contiki-srf06-cc26xx.a(rf-ble.o)
                              fft.co (rf_ble_beacond_config)
contiki-srf06-cc26xx.a(ieee-mode.o)
                              contiki-srf06-cc26xx.a(contiki-main.o) (ieee_mode_driver)
contiki-srf06-cc26xx.a(dbg-printf.o)
                              fft.co (printf)
contiki-srf06-cc26xx.a(strformat.o)
                              contiki-srf06-cc26xx.a(dbg-printf.o) (format_str_v)
contiki-srf06-cc26xx.a(autostart.o)
                              contiki-srf06-cc26xx.a(contiki-main.o) (autostart_start)
contiki-srf06-cc26xx.a(ctimer.o)
                              contiki-srf06-cc26xx.a(contiki-main.o) (ctimer_init)
contiki-srf06-cc26xx.a(energest.o)
                              contiki-srf06-cc26xx.a(contiki-main.o) (energest_init)
contiki-srf06-cc26xx.a(etimer.o)
                              contiki-srf06-cc26xx.a(clock.o) (etimer_request_poll)
contiki-srf06-cc26xx.a(process.o)
                              contiki-srf06-cc26xx.a(sensors.o) (process_alloc_event)
contiki-srf06-cc26xx.a(rtimer.o)
                              contiki-srf06-cc26xx.a(contiki-main.o) (rtimer_init)
contiki-srf06-cc26xx.a(timer.o)
                              contiki-srf06-cc26xx.a(button-sensor.o) (timer_set)
contiki-srf06-cc26xx.a(serial-line.o)
                              contiki-srf06-cc26xx.a(contiki-main.o) (serial_line_init)
contiki-srf06-cc26xx.a(ifft.o)
                              fft.co (ifft)
contiki-srf06-cc26xx.a(list.o)
                              contiki-srf06-cc26xx.a(lpm.o) (list_init)
contiki-srf06-cc26xx.a(random.o)
                              contiki-srf06-cc26xx.a(contiki-main.o) (random_init)
contiki-srf06-cc26xx.a(ringbuf.o)
                              contiki-srf06-cc26xx.a(serial-line.o) (ringbuf_init)
contiki-srf06-cc26xx.a(rime.o)
                              contiki-srf06-cc26xx.a(contiki-main.o) (rime_driver)
contiki-srf06-cc26xx.a(adi.o)
                              contiki-srf06-cc26xx.a(oscillators.o) (SafeHapiVoid)
contiki-srf06-cc26xx.a(aon_rtc.o)
[...]
Memory Configuration

Name             Origin             Length             Attributes
FLASH            0x00000000         0x0001ffa8         xr
FLASH_CCFG       0x0001ffa8         0x00000058         xr
SRAM             0x20000000         0x00005000         xrw
GPRAM            0x11000000         0x00002000         xrw
*default*        0x00000000         0xffffffff

Linker script and memory map

LOAD obj_srf06-cc26xx/fault-handlers.o
LOAD obj_srf06-cc26xx/ccfg.o
LOAD obj_srf06-cc26xx/startup_gcc.o
LOAD fft.co
LOAD contiki-srf06-cc26xx.a
LOAD /usr/bin/../lib/gcc/arm-none-eabi/4.9.3/../../../../arm-none-eabi/lib/armv7-m/libm.a
START GROUP
LOAD /usr/bin/../lib/gcc/arm-none-eabi/4.9.3/armv7-m/libgcc.a
LOAD /usr/bin/../lib/gcc/arm-none-eabi/4.9.3/../../../../arm-none-eabi/lib/armv7-m/libc.a
END GROUP
                0x20005000                _estack = (ORIGIN (SRAM) + 0x5000)
                0x00000000                _Min_Heap_Size = 0x0
                0x00000100                _Min_Stack_Size = 0x100

.text           0x00000000     0xbdf8
                0x00000000                _text = .
 *(SORT(.vectors))
 .vectors       0x00000000       0xc8 obj_srf06-cc26xx/startup_gcc.o
                0x00000000                g_pfnVectors
 *(SORT(.text*))
 .text.value    0x000000c8       0xb0 contiki-srf06-cc26xx.a(opt-3001-sensor)
 .text.value    0x00000178       0x9c contiki-srf06-cc26xx.a(hdc-1000-sensor)
 *fill*         0x00000214        0x4 00000000
 .text.value    0x00000218      0x1b4 contiki-srf06-cc26xx.a(mpu-9250-sensor)
 *fill*         0x000003cc        0x4 00000000
 .text.__ieee754_pow
                0x000003d0      0xaa0 /usr/bin/../lib/gcc/arm-none-eabi/4.9.3/../../../../arm-none-eabi/lib/armv7-m/libm.a(lib_a-e_pow.o)
                0x000003d0                __ieee754_pow
 .text.scalbn   0x00000e70       0xec /usr/bin/../lib/gcc/arm-none-eabi/4.9.3/../../../../arm-none-eabi/lib/armv7-m/libm.a(lib_a-s_scalbn.o)
                0x00000e70                scalbn
 .text.FaultISR
                0x00000f5c       0x18 obj_srf06-cc26xx/fault-handlers.o
                0x00000f5c                FaultISR
 .text.NmiSRHandler
                0x00000f74        0x4 obj_srf06-cc26xx/startup_gcc.o
                0x00000f74                NmiSR
 .text.IntDefaultHandler
                0x00000f78        0x4 obj_srf06-cc26xx/startup_gcc.o
                0x00000f78                SSI0IntHandler
                0x00000f78                SWEvent0IntHandler
                0x00000f78                uDMAIntHandler
                0x00000f78                WatchdogIntHandler
                0x00000f78                RFCHardwareIntHandler
                0x00000f78                Timer1BIntHandler
                0x00000f78                I2SIntHandler
                0x00000f78                Timer2BIntHandler
                0x00000f78                Timer2AIntHandler
                0x00000f78                Timer1AIntHandler
                0x00000f78                AONIntHandler
                0x00000f78                AUXSWEvent0IntHandler
                0x00000f78                AUXADCIntHandler
                0x00000f78                PendSVIntHandler
                0x00000f78                AUXSWEvent1IntHandler
                0x00000f78                SVCallIntHandler
                0x00000f78                MPUFaultIntHandler
                0x00000f78                SysTickIntHandler
                0x00000f78                BusFaultIntHandler
                0x00000f78                AONProgIntHandler
                0x00000f78                AUXCompAIntHandler
                0x00000f78                SSI1IntHandler
                0x00000f78                FlashIntHandler
                0x00000f78                uDMAErrIntHandler
                0x00000f78                UsageFaultIntHandler
                0x00000f78                RFCCmdAckIntHandler
                0x00000f78                CryptoIntHandler
                0x00000f78                Timer0AIntHandler
                0x00000f78                I2CIntHandler
                0x00000f78                DebugMonIntHandler
                0x00000f78                Timer0BIntHandler
                0x00000f78                AUXCombEventIntHandler
                0x00000f78                Timer3AIntHandler
                0x00000f78                DynProgIntHandler
                0x00000f78                Timer3BIntHandler
 .text.ResetISR
                0x00000f7c       0x5c obj_srf06-cc26xx/startup_gcc.o
                0x00000f7c                ResetISR
 .text.mpu_next_reading
                0x00000fd8        0xc fft.co
                0x00000fd8                mpu_next_reading
 .text.getFreqListOfOneSecond
                0x00000fe4       0x64 fft.co
                0x00000fe4                getFreqListOfOneSecond
 .text.getAmplitude
                0x00001048       0x48 fft.co
                0x00001048                getAmplitude
 .text.dataProcessing
                0x00001090      0x33c fft.co
                0x00001090                dataProcessing
 .text.dataSend
                0x000013cc       0x2c fft.co
                0x000013cc                dataSend
 .text.printSendingData
                0x000013f8       0x8c fft.co
                0x000013f8                printSendingData
 .text.printList
                0x00001484       0x34 fft.co
                0x00001484                printList
 .text.printRawData
                0x000014b8       0xd4 fft.co
                0x000014b8                printRawData
 .text.process_thread_button_input_process
                0x0000158c      0x210 fft.co
 .text.fade     0x0000179c       0x64 contiki-srf06-cc26xx.a(contiki-main.o)
 .text.startup.main
                0x00001800      0x22c contiki-srf06-cc26xx.a(contiki-main.o)
                0x00001800                main
 .text.process_thread_sensors_process
                0x00001a2c       0xf8 contiki-srf06-cc26xx.a(sensors.o)
 .text.sensors_changed
                0x00001b24       0x50 contiki-srf06-cc26xx.a(sensors.o)
                0x00001b24                sensors_changed
 .text.leds_init
                0x00001b74       0x14 contiki-srf06-cc26xx.a(leds.o)
                0x00001b74                leds_init
 .text.leds_on  0x00001b88       0x14 contiki-srf06-cc26xx.a(leds.o)
                0x00001b88                leds_on
 .text.leds_off
                0x00001b9c       0x14 contiki-srf06-cc26xx.a(leds.o)
                0x00001b9c                leds_off
 .text.leds_toggle
                0x00001bb0       0x14 contiki-srf06-cc26xx.a(leds.o)
                0x00001bb0                leds_toggle
 .text.leds_arch_init
                0x00001bc4       0x38 contiki-srf06-cc26xx.a(leds-arch.o)
                0x00001bc4                leds_arch_init
 .text.leds_arch_set
                0x00001bfc       0x34 contiki-srf06-cc26xx.a(leds-arch.o)
                0x00001bfc                leds_arch_set
 .text.status   0x00001c30       0x14 contiki-srf06-cc26xx.a(bmp-280-sensor.)
 .text.notify_ready
                0x00001c44       0x14 contiki-srf06-cc26xx.a(bmp-280-sensor.)
 .text.enable_sensor
                0x00001c58       0x2c contiki-srf06-cc26xx.a(bmp-280-sensor.)
 .text.configure
                0x00001c84       0x94 contiki-srf06-cc26xx.a(bmp-280-sensor.)
 .text.value    0x00001d18      0x15c contiki-srf06-cc26xx.a(bmp-280-sensor.)
 .text.status   0x00001e74       0x14 contiki-srf06-cc26xx.a(tmp-007-sensor.)
 .text.notify_ready
                0x00001e88       0x14 contiki-srf06-cc26xx.a(tmp-007-sensor.)
 .text.enable_sensor
                0x00001e9c       0x2c contiki-srf06-cc26xx.a(tmp-007-sensor.)
 .text.configure
                0x00001ec8       0x94 contiki-srf06-cc26xx.a(tmp-007-sensor.)
 .text.value    0x00001f5c       0xec contiki-srf06-cc26xx.a(tmp-007-sensor.)
 .text.status   0x00002048        0xc contiki-srf06-cc26xx.a(opt-3001-sensor)
 .text.enable_sensor
                0x00002054       0x44 contiki-srf06-cc26xx.a(opt-3001-sensor)
 .text.notify_ready
                0x00002098       0x54 contiki-srf06-cc26xx.a(opt-3001-sensor)
 .text.configure
                0x000020ec       0x4c contiki-srf06-cc26xx.a(opt-3001-sensor)
 .text.status   0x00002138       0x14 contiki-srf06-cc26xx.a(hdc-1000-sensor)
 .text.notify_ready
                0x0000214c       0x60 contiki-srf06-cc26xx.a(hdc-1000-sensor)
 .text.configure
                0x000021ac       0xb8 contiki-srf06-cc26xx.a(hdc-1000-sensor)
 .text.acc_convert
                0x00002264       0x70 contiki-srf06-cc26xx.a(mpu-9250-sensor)
 .text.status   0x000022d4       0x14 contiki-srf06-cc26xx.a(mpu-9250-sensor)
 .text.notify_ready
                0x000022e8       0x14 contiki-srf06-cc26xx.a(mpu-9250-sensor)
 .text.sensor_sleep
                0x000022fc       0x38 contiki-srf06-cc26xx.a(mpu-9250-sensor)
 .text.configure
                0x00002334       0xdc contiki-srf06-cc26xx.a(mpu-9250-sensor)
 .text.int_status
                0x00002410       0x28 contiki-srf06-cc26xx.a(mpu-9250-sensor)
 .text.initialise
                0x00002438       0xfc contiki-srf06-cc26xx.a(mpu-9250-sensor)
 .text.status.part.0
                0x00002534       0x14 contiki-srf06-cc26xx.a(button-sensor.o)
 .text.value_left
                0x00002548       0x24 contiki-srf06-cc26xx.a(button-sensor.o)
 .text.value_right
                0x0000256c       0x18 contiki-srf06-cc26xx.a(button-sensor.o)
 .text.status_left
                0x00002584       0x10 contiki-srf06-cc26xx.a(button-sensor.o)
 .text.status_right
                0x00002594       0x10 contiki-srf06-cc26xx.a(button-sensor.o)
 .text.config_buttons
                0x000025a4       0x84 contiki-srf06-cc26xx.a(button-sensor.o)
 .text.config_left
                0x00002628        0xc contiki-srf06-cc26xx.a(button-sensor.o)
 .text.config_right
                0x00002634        0xc contiki-srf06-cc26xx.a(button-sensor.o)
 .text.button_press_handler
                0x00002640       0x64 contiki-srf06-cc26xx.a(button-sensor.o)
 .text.value    0x000026a4       0x10 contiki-srf06-cc26xx.a(reed-relay.o)
 .text.status   0x000026b4       0x20 contiki-srf06-cc26xx.a(reed-relay.o)
 .text.configure
                0x000026d4       0x6c contiki-srf06-cc26xx.a(reed-relay.o)
 .text.reed_interrupt_handler
                0x00002740       0x28 contiki-srf06-cc26xx.a(reed-relay.o)
 .text.power_domains_on
                0x00002768       0x20 contiki-srf06-cc26xx.a(board.o)
 .text.lpm_wakeup_handler
                0x00002788        0x4 contiki-srf06-cc26xx.a(board.o)
 .text.shutdown_handler
                0x0000278c       0x68 contiki-srf06-cc26xx.a(board.o)
 .text.board_init
                0x000027f4      0x118 contiki-srf06-cc26xx.a(board.o)
                0x000027f4                board_init
 .text.i2c_status
                0x0000290c       0x34 contiki-srf06-cc26xx.a(board-i2c.o)
 .text.accessible
                0x00002940       0x24 contiki-srf06-cc26xx.a(board-i2c.o)
 .text.board_i2c_wakeup
                0x00002964       0x5c contiki-srf06-cc26xx.a(board-i2c.o)
                0x00002964                board_i2c_wakeup
 .text.board_i2c_shutdown
                0x000029c0       0xa4 contiki-srf06-cc26xx.a(board-i2c.o)
                0x000029c0                board_i2c_shutdown
 .text.board_i2c_write
                0x00002a64      0x138 contiki-srf06-cc26xx.a(board-i2c.o)
                0x00002a64                board_i2c_write
 .text.board_i2c_write_single
                0x00002b9c       0x70 contiki-srf06-cc26xx.a(board-i2c.o)
                0x00002b9c                board_i2c_write_single
 .text.board_i2c_read
                0x00002c0c      0x118 contiki-srf06-cc26xx.a(board-i2c.o)
                0x00002c0c                board_i2c_read
 .text.board_i2c_write_read
                0x00002d24      0x1cc contiki-srf06-cc26xx.a(board-i2c.o)
                0x00002d24                board_i2c_write_read
 .text.board_i2c_select
                0x00002ef0       0xdc contiki-srf06-cc26xx.a(board-i2c.o)
                0x00002ef0                board_i2c_select
 .text.power_domain_on
                0x00002fcc       0x20 contiki-srf06-cc26xx.a(clock.o)
 .text.clock_init
                0x00002fec       0x98 contiki-srf06-cc26xx.a(clock.o)
                0x00002fec                clock_init
 .text.clock_time
                0x00003084       0x34 contiki-srf06-cc26xx.a(clock.o)
                0x00003084                clock_time
 .text.clock_update
                0x000030b8       0x3c contiki-srf06-cc26xx.a(clock.o)
                0x000030b8                clock_update
 .text.rtimer_arch_init
                0x000030f4        0x4 contiki-srf06-cc26xx.a(rtimer-arch.o)
                0x000030f4                rtimer_arch_init
 .text.rtimer_arch_schedule
                0x000030f8        0x8 contiki-srf06-cc26xx.a(rtimer-arch.o)
                0x000030f8                rtimer_arch_schedule
 .text.rtimer_arch_now
                0x00003100        0x4 contiki-srf06-cc26xx.a(rtimer-arch.o)
                0x00003100                rtimer_arch_now
 .text.soc_rtc_init
                0x00003104       0xa0 contiki-srf06-cc26xx.a(soc-rtc.o)
                0x00003104                soc_rtc_init
 .text.soc_rtc_schedule_one_shot
                0x000031a4       0x70 contiki-srf06-cc26xx.a(soc-rtc.o)
                0x000031a4                soc_rtc_schedule_one_shot
 .text.soc_rtc_last_isr_time
                0x00003214        0xc contiki-srf06-cc26xx.a(soc-rtc.o)
                0x00003214                soc_rtc_last_isr_time
 .text.AONRTCIntHandler
                0x00003220       0x88 contiki-srf06-cc26xx.a(soc-rtc.o)
                0x00003220                AONRTCIntHandler
 .text.lock_config
                0x000032a8       0x18 contiki-srf06-cc26xx.a(contiki-watchdo)
 .text.unlock_config
                0x000032c0       0x2c contiki-srf06-cc26xx.a(contiki-watchdo)
 .text.watchdog_init
                0x000032ec       0x1c contiki-srf06-cc26xx.a(contiki-watchdo)
                0x000032ec                watchdog_init
 .text.watchdog_start
                0x00003308       0x30 contiki-srf06-cc26xx.a(contiki-watchdo)
                0x00003308                watchdog_start
 .text.watchdog_periodic
                0x00003338       0x1c contiki-srf06-cc26xx.a(contiki-watchdo)
                0x00003338                watchdog_periodic
 .text.putchar  0x00003354       0x10 contiki-srf06-cc26xx.a(putchar.o)
                0x00003354                putchar
 .text.puts     0x00003364       0x30 contiki-srf06-cc26xx.a(putchar.o)
                0x00003364                puts
 .text.dbg_send_bytes
                0x00003394       0x40 contiki-srf06-cc26xx.a(putchar.o)
                0x00003394                dbg_send_bytes
 .text.ieee_addr_cpy_to
                0x000033d4       0x40 contiki-srf06-cc26xx.a(ieee-addr.o)
                0x000033d4                ieee_addr_cpy_to
 .text.power_and_clock
                0x00003414       0x40 contiki-srf06-cc26xx.a(cc26xx-uart.o)
 .text.enable   0x00003454       0xf4 contiki-srf06-cc26xx.a(cc26xx-uart.o)
 .text.accessible
                0x00003548       0x24 contiki-srf06-cc26xx.a(cc26xx-uart.o)
 .text.lpm_drop_handler
                0x0000356c       0xcc contiki-srf06-cc26xx.a(cc26xx-uart.o)
 .text.cc26xx_uart_init
                0x00003638       0x28 contiki-srf06-cc26xx.a(cc26xx-uart.o)
                0x00003638                cc26xx_uart_init
 .text.cc26xx_uart_write_byte
                0x00003660       0x28 contiki-srf06-cc26xx.a(cc26xx-uart.o)
                0x00003660                cc26xx_uart_write_byte
 .text.cc26xx_uart_busy
                0x00003688       0x18 contiki-srf06-cc26xx.a(cc26xx-uart.o)
                0x00003688                cc26xx_uart_busy
 .text.UART0IntHandler
                0x000036a0       0x54 contiki-srf06-cc26xx.a(cc26xx-uart.o)
                0x000036a0                UART0IntHandler
 .text.lpm_shutdown
                0x000036f4      0x19c contiki-srf06-cc26xx.a(lpm.o)
                0x000036f4                lpm_shutdown
 .text.lpm_sleep
                0x00003890       0x14 contiki-srf06-cc26xx.a(lpm.o)
                0x00003890                lpm_sleep
 .text.lpm_drop
                0x000038a4      0x25c contiki-srf06-cc26xx.a(lpm.o)
                0x000038a4                lpm_drop
 .text.lpm_register_module
                0x00003b00        0xc contiki-srf06-cc26xx.a(lpm.o)
                0x00003b00                lpm_register_module
 .text.lpm_unregister_module
                0x00003b0c        0xc contiki-srf06-cc26xx.a(lpm.o)
                0x00003b0c                lpm_unregister_module
 .text.lpm_init
                0x00003b18       0x20 contiki-srf06-cc26xx.a(lpm.o)
                0x00003b18                lpm_init
 .text.lpm_pin_set_default_state
                0x00003b38       0x2c contiki-srf06-cc26xx.a(lpm.o)
                0x00003b38                lpm_pin_set_default_state
 .text.gpio_interrupt_register_handler
                0x00003b64       0x2c contiki-srf06-cc26xx.a(gpio-interrupt.)
                0x00003b64                gpio_interrupt_register_handler
 .text.gpio_interrupt_init
                0x00003b90       0x24 contiki-srf06-cc26xx.a(gpio-interrupt.)
                0x00003b90                gpio_interrupt_init
 .text.GPIOIntHandler
                0x00003bb4       0x30 contiki-srf06-cc26xx.a(gpio-interrupt.)
                0x00003bb4                GPIOIntHandler
 .text.oscillators_select_lf_xosc
                0x00003be4       0x50 contiki-srf06-cc26xx.a(oscillators.o)
                0x00003be4                oscillators_select_lf_xosc
 .text.oscillators_select_lf_rcosc
                0x00003c34       0x3c contiki-srf06-cc26xx.a(oscillators.o)
                0x00003c34                oscillators_select_lf_rcosc
 .text.oscillators_request_hf_xosc
                0x00003c70       0x30 contiki-srf06-cc26xx.a(oscillators.o)
                0x00003c70                oscillators_request_hf_xosc
 .text.oscillators_switch_to_hf_xosc
                0x00003ca0       0x34 contiki-srf06-cc26xx.a(oscillators.o)
                0x00003ca0                oscillators_switch_to_hf_xosc
 .text.oscillators_switch_to_hf_rc
                0x00003cd4       0x38 contiki-srf06-cc26xx.a(oscillators.o)
                0x00003cd4                oscillators_switch_to_hf_rc
 .text.rf_radio_setup
                0x00003d0c       0x5c contiki-srf06-cc26xx.a(rf-ble.o)
 .text.send_ble_adv_nc.constprop.0
                0x00003d68       0x6c contiki-srf06-cc26xx.a(rf-ble.o)
 .text.rf_ble_beacond_config
                0x00003dd4        0x4 contiki-srf06-cc26xx.a(rf-ble.o)
                0x00003dd4                rf_ble_beacond_config
 .text.rf_ble_is_active
                0x00003dd8        0xc contiki-srf06-cc26xx.a(rf-ble.o)
                0x00003dd8                rf_ble_is_active
 .text.my_ble_adv_send
                0x00003de4      0x144 contiki-srf06-cc26xx.a(rf-ble.o)
                0x00003de4                my_ble_adv_send
 .text.request  0x00003f28       0x20 contiki-srf06-cc26xx.a(ieee-mode.o)
 .text.rx_on    0x00003f48       0x60 contiki-srf06-cc26xx.a(ieee-mode.o)
 .text.prepare  0x00003fa8       0x1c contiki-srf06-cc26xx.a(ieee-mode.o)
 .text.rf_radio_setup
                0x00003fc4       0x64 contiki-srf06-cc26xx.a(ieee-mode.o)
 .text.soft_on  0x00004028       0x18 contiki-srf06-cc26xx.a(ieee-mode.o)
 .text.pending_packet
                0x00004040       0x48 contiki-srf06-cc26xx.a(ieee-mode.o)
 .text.soft_off
                0x00004088       0x44 contiki-srf06-cc26xx.a(ieee-mode.o)
 .text.get_object
                0x000040cc       0x4c contiki-srf06-cc26xx.a(ieee-mode.o)
 .text.transmitting
                0x00004118       0x4c contiki-srf06-cc26xx.a(ieee-mode.o)
 .text.rx_off   0x00004164       0x6c contiki-srf06-cc26xx.a(ieee-mode.o)
 .text.set_object
                0x000041d0       0x60 contiki-srf06-cc26xx.a(ieee-mode.o)
 .text.get_cca_info
                0x00004230       0x50 contiki-srf06-cc26xx.a(ieee-mode.o)
 .text.check_rat_overflow
                0x00004280       0x80 contiki-srf06-cc26xx.a(ieee-mode.o)
 .text.receiving_packet
                0x00004300       0x34 contiki-srf06-cc26xx.a(ieee-mode.o)
 .text.off      0x00004334       0x6c contiki-srf06-cc26xx.a(ieee-mode.o)
 .text.on       0x000043a0       0xac contiki-srf06-cc26xx.a(ieee-mode.o)
 .text.set_value
                0x0000444c      0x168 contiki-srf06-cc26xx.a(ieee-mode.o)
 .text.get_value
                0x000045b4      0x188 contiki-srf06-cc26xx.a(ieee-mode.o)
 .text.transmit
                0x0000473c       0xec contiki-srf06-cc26xx.a(ieee-mode.o)
 .text.send     0x00004828       0x24 contiki-srf06-cc26xx.a(ieee-mode.o)
 .text.channel_clear
                0x0000484c       0x68 contiki-srf06-cc26xx.a(ieee-mode.o)
 .text.read_frame
                0x000048b4      0x1a0 contiki-srf06-cc26xx.a(ieee-mode.o)
 .text.handle_rat_overflow
                0x00004a54       0x60 contiki-srf06-cc26xx.a(ieee-mode.o)
 .text.init     0x00004ab4      0x118 contiki-srf06-cc26xx.a(ieee-mode.o)
 .text.write_str
                0x00004bcc       0x14 contiki-srf06-cc26xx.a(dbg-printf.o)
 .text.printf   0x00004be0       0x24 contiki-srf06-cc26xx.a(dbg-printf.o)
                0x00004be0                printf
 .text.fill_space
                0x00004c04       0x3c contiki-srf06-cc26xx.a(strformat.o)
 .text.format_str_v
                0x00004c40      0x95c contiki-srf06-cc26xx.a(strformat.o)
                0x00004c40                format_str_v
 .text.autostart_start
                0x0000559c       0x18 contiki-srf06-cc26xx.a(autostart.o)
                0x0000559c                autostart_start
 .text.process_thread_ctimer_process
                0x000055b4       0x94 contiki-srf06-cc26xx.a(ctimer.o)
 .text.ctimer_init
                0x00005648       0x28 contiki-srf06-cc26xx.a(ctimer.o)
                0x00005648                ctimer_init
 .text.ctimer_set_with_process
                0x00005670       0x4c contiki-srf06-cc26xx.a(ctimer.o)
                0x00005670                ctimer_set_with_process
 .text.ctimer_set
                0x000056bc       0x18 contiki-srf06-cc26xx.a(ctimer.o)
                0x000056bc                ctimer_set
 .text.ctimer_reset
                0x000056d4       0x38 contiki-srf06-cc26xx.a(ctimer.o)
                0x000056d4                ctimer_reset
 .text.ctimer_restart
                0x0000570c       0x38 contiki-srf06-cc26xx.a(ctimer.o)
                0x0000570c                ctimer_restart
 .text.ctimer_stop
                0x00005744       0x34 contiki-srf06-cc26xx.a(ctimer.o)
                0x00005744                ctimer_stop
 .text.energest_init
                0x00005778        0x4 contiki-srf06-cc26xx.a(energest.o)
                0x00005778                energest_init
 .text.update_time
                0x0000577c       0x44 contiki-srf06-cc26xx.a(etimer.o)
 .text.process_thread_etimer_process
                0x000057c0       0xc8 contiki-srf06-cc26xx.a(etimer.o)
 .text.add_timer
                0x00005888       0x54 contiki-srf06-cc26xx.a(etimer.o)
 .text.etimer_request_poll
                0x000058dc        0xc contiki-srf06-cc26xx.a(etimer.o)
                0x000058dc                etimer_request_poll
 .text.etimer_set
                0x000058e8       0x14 contiki-srf06-cc26xx.a(etimer.o)
                0x000058e8                etimer_set
 .text.etimer_reset
                0x000058fc       0x14 contiki-srf06-cc26xx.a(etimer.o)
                0x000058fc                etimer_reset
 .text.etimer_restart
                0x00005910       0x14 contiki-srf06-cc26xx.a(etimer.o)
                0x00005910                etimer_restart
 .text.etimer_pending
                0x00005924       0x10 contiki-srf06-cc26xx.a(etimer.o)
                0x00005924                etimer_pending
 .text.etimer_next_expiration_time
                0x00005934       0x14 contiki-srf06-cc26xx.a(etimer.o)
                0x00005934                etimer_next_expiration_time
 .text.etimer_stop
                0x00005948       0x4c contiki-srf06-cc26xx.a(etimer.o)
                0x00005948                etimer_stop
 .text.exit_process
                0x00005994       0xb0 contiki-srf06-cc26xx.a(process.o)
 .text.call_process.part.0
                0x00005a44       0x38 contiki-srf06-cc26xx.a(process.o)
 .text.do_poll  0x00005a7c       0x3c contiki-srf06-cc26xx.a(process.o)
 .text.process_alloc_event
                0x00005ab8       0x10 contiki-srf06-cc26xx.a(process.o)
                0x00005ab8                process_alloc_event
 .text.process_init
                0x00005ac8       0x34 contiki-srf06-cc26xx.a(process.o)
                0x00005ac8                process_init
 .text.process_run
                0x00005afc       0xac contiki-srf06-cc26xx.a(process.o)
                0x00005afc                process_run
 .text.process_nevents
                0x00005ba8       0x14 contiki-srf06-cc26xx.a(process.o)
                0x00005ba8                process_nevents
 .text.process_post
                0x00005bbc       0x40 contiki-srf06-cc26xx.a(process.o)
                0x00005bbc                process_post
 .text.process_post_synch
                0x00005bfc       0x18 contiki-srf06-cc26xx.a(process.o)
                0x00005bfc                process_post_synch
 .text.process_start
                0x00005c14       0x40 contiki-srf06-cc26xx.a(process.o)
                0x00005c14                process_start
 .text.process_poll
                0x00005c54       0x18 contiki-srf06-cc26xx.a(process.o)
                0x00005c54                process_poll
 .text.rtimer_init
                0x00005c6c        0x4 contiki-srf06-cc26xx.a(rtimer.o)
                0x00005c6c                rtimer_init
 .text.rtimer_set
                0x00005c70       0x2c contiki-srf06-cc26xx.a(rtimer.o)
                0x00005c70                rtimer_set
 .text.rtimer_run_next
                0x00005c9c       0x28 contiki-srf06-cc26xx.a(rtimer.o)
                0x00005c9c                rtimer_run_next
 .text.timer_set
                0x00005cc4       0x10 contiki-srf06-cc26xx.a(timer.o)
                0x00005cc4                timer_set
 .text.timer_reset
                0x00005cd4        0xc contiki-srf06-cc26xx.a(timer.o)
                0x00005cd4                timer_reset
 .text.timer_restart
                0x00005ce0        0xc contiki-srf06-cc26xx.a(timer.o)
                0x00005ce0                timer_restart
 .text.timer_expired
                0x00005cec       0x1c contiki-srf06-cc26xx.a(timer.o)
                0x00005cec                timer_expired
 .text.process_thread_serial_line_process
                0x00005d08       0xac contiki-srf06-cc26xx.a(serial-line.o)
 .text.serial_line_init
                0x00005db4       0x24 contiki-srf06-cc26xx.a(serial-line.o)
                0x00005db4                serial_line_init
 .text.ifft     0x00005dd8      0x238 contiki-srf06-cc26xx.a(ifft.o)
                0x00005dd8                ifft
 .text.list_init
                0x00006010        0x8 contiki-srf06-cc26xx.a(list.o)
                0x00006010                list_init
 .text.list_head
                0x00006018        0x4 contiki-srf06-cc26xx.a(list.o)
                0x00006018                list_head
 .text.list_add
                0x0000601c       0x48 contiki-srf06-cc26xx.a(list.o)
                0x0000601c                list_add
 .text.list_push
                0x00006064       0x40 contiki-srf06-cc26xx.a(list.o)
                0x00006064                list_push
 .text.list_remove
                0x000060a4       0x2c contiki-srf06-cc26xx.a(list.o)
                0x000060a4                list_remove
 .text.list_length
                0x000060d0       0x14 contiki-srf06-cc26xx.a(list.o)
                0x000060d0                list_length
 .text.list_item_next
                0x000060e4        0x8 contiki-srf06-cc26xx.a(list.o)
                0x000060e4                list_item_next
 .text.random_rand
                0x000060ec        0xc contiki-srf06-cc26xx.a(random.o)
                0x000060ec                random_rand
 .text.random_init
                0x000060f8        0x4 contiki-srf06-cc26xx.a(random.o)
                0x000060f8                random_init
 .text.ringbuf_init
                0x000060fc       0x10 contiki-srf06-cc26xx.a(ringbuf.o)
                0x000060fc                ringbuf_init
 .text.ringbuf_get
                0x0000610c       0x28 contiki-srf06-cc26xx.a(ringbuf.o)
                0x0000610c                ringbuf_get
 .text.packet_sent
                0x00006134       0x38 contiki-srf06-cc26xx.a(rime.o)
 .text.input    0x0000616c       0x38 contiki-srf06-cc26xx.a(rime.o)
 .text.init     0x000061a4       0x28 contiki-srf06-cc26xx.a(rime.o)
 .text.rime_output
                0x000061cc       0x24 contiki-srf06-cc26xx.a(rime.o)
                0x000061cc                rime_output
 .text.SafeHapiVoid
                0x000061f0       0x2c contiki-srf06-cc26xx.a(adi.o)
                0x000061f0                SafeHapiVoid
 .text.NOROM_AONRTCCurrentCompareValueGet
                0x0000621c       0x24 contiki-srf06-cc26xx.a(aon_rtc.o)
                0x0000621c                NOROM_AONRTCCurrentCompareValueGet
 .text.NOROM_ChipInfo_GetSupportedProtocol_BV
                0x00006240       0x10 contiki-srf06-cc26xx.a(chipinfo.o)
                0x00006240                NOROM_ChipInfo_GetSupportedProtocol_BV
 .text.NOROM_ChipInfo_GetChipFamily
                0x00006250       0x50 contiki-srf06-cc26xx.a(chipinfo.o)
                0x00006250                NOROM_ChipInfo_GetChipFamily
 .text.NOROM_ChipInfo_GetChipType
                0x000062a0       0x5c contiki-srf06-cc26xx.a(chipinfo.o)
                0x000062a0                NOROM_ChipInfo_GetChipType
 .text.NOROM_ChipInfo_GetHwRevision
                0x000062fc       0x70 contiki-srf06-cc26xx.a(chipinfo.o)
                0x000062fc                NOROM_ChipInfo_GetHwRevision
 .text.NOROM_ThisCodeIsBuiltForCC26xxHwRev22AndLater_HaltIfViolated
                0x0000636c       0x14 contiki-srf06-cc26xx.a(chipinfo.o)
                0x0000636c                NOROM_ThisCodeIsBuiltForCC26xxHwRev22AndLater_HaltIfViolated
 .text.NOROM_CPUcpsid
                0x00006380        0x8 contiki-srf06-cc26xx.a(cpu.o)
                0x00006380                NOROM_CPUcpsid
 .text.NOROM_CPUcpsie
                0x00006388        0x8 contiki-srf06-cc26xx.a(cpu.o)
                0x00006388                NOROM_CPUcpsie
 .text.NOROM_CPUdelay
                0x00006390        0x8 contiki-srf06-cc26xx.a(cpu.o)
                0x00006390                NOROM_CPUdelay
 .text.NOROM_DDI32RegWrite
                0x00006398       0x34 contiki-srf06-cc26xx.a(ddi.o)
                0x00006398                NOROM_DDI32RegWrite
 .text.NOROM_DDI16BitfieldWrite
                0x000063cc       0x4c contiki-srf06-cc26xx.a(ddi.o)
                0x000063cc                NOROM_DDI16BitfieldWrite
 .text.NOROM_DDI16BitfieldRead
                0x00006418       0x48 contiki-srf06-cc26xx.a(ddi.o)
                0x00006418                NOROM_DDI16BitfieldRead
 .text.NOROM_OSCClockSourceSet
                0x00006460       0x50 contiki-srf06-cc26xx.a(osc.o)
                0x00006460                NOROM_OSCClockSourceSet
 .text.NOROM_OSCClockSourceGet
                0x000064b0       0x24 contiki-srf06-cc26xx.a(osc.o)
                0x000064b0                NOROM_OSCClockSourceGet
 .text.NOROM_PowerCtrlSourceSet
                0x000064d4       0x30 contiki-srf06-cc26xx.a(pwr_ctrl.o)
                0x000064d4                NOROM_PowerCtrlSourceSet
 .text.TrimAfterColdResetWakeupFromShutDown
                0x00006504       0xe4 contiki-srf06-cc26xx.a(setup.o)
 .text.NOROM_SetupTrimDevice
                0x000065e8       0xa4 contiki-srf06-cc26xx.a(setup.o)
                0x000065e8                NOROM_SetupTrimDevice
 .text.NOROM_SysCtrlSetRechargeBeforePowerDown
                0x0000668c      0x274 contiki-srf06-cc26xx.a(sys_ctrl.o)
                0x0000668c                NOROM_SysCtrlSetRechargeBeforePowerDown
 .text.NOROM_SysCtrlAdjustRechargeAfterPowerDown
                0x00006900       0x64 contiki-srf06-cc26xx.a(sys_ctrl.o)
                0x00006900                NOROM_SysCtrlAdjustRechargeAfterPowerDown
 .text.NOROM_SysCtrl_DCDC_VoltageConditionalControl
                0x00006964       0x7c contiki-srf06-cc26xx.a(sys_ctrl.o)
                0x00006964                NOROM_SysCtrl_DCDC_VoltageConditionalControl
 .text.linkaddr_copy
                0x000069e0        0x8 contiki-srf06-cc26xx.a(linkaddr.o)
                0x000069e0                linkaddr_copy
 .text.linkaddr_cmp
                0x000069e8       0x10 contiki-srf06-cc26xx.a(linkaddr.o)
                0x000069e8                linkaddr_cmp
 .text.netstack_init
                0x000069f8       0x38 contiki-srf06-cc26xx.a(netstack.o)
                0x000069f8                netstack_init
 .text.packetbuf_compact
                0x00006a30       0x4c contiki-srf06-cc26xx.a(packetbuf.o)
                0x00006a30                packetbuf_compact
 .text.packetbuf_copyto
                0x00006a7c       0x50 contiki-srf06-cc26xx.a(packetbuf.o)
                0x00006a7c                packetbuf_copyto
 .text.packetbuf_hdralloc
                0x00006acc       0x58 contiki-srf06-cc26xx.a(packetbuf.o)
                0x00006acc                packetbuf_hdralloc
 .text.packetbuf_hdrreduce
                0x00006b24       0x2c contiki-srf06-cc26xx.a(packetbuf.o)
                0x00006b24                packetbuf_hdrreduce
 .text.packetbuf_set_datalen
                0x00006b50        0xc contiki-srf06-cc26xx.a(packetbuf.o)
                0x00006b50                packetbuf_set_datalen
 .text.packetbuf_dataptr
                0x00006b5c       0x20 contiki-srf06-cc26xx.a(packetbuf.o)
                0x00006b5c                packetbuf_dataptr
 .text.packetbuf_hdrptr
                0x00006b7c        0x8 contiki-srf06-cc26xx.a(packetbuf.o)
                0x00006b7c                packetbuf_hdrptr
 .text.packetbuf_datalen
                0x00006b84        0xc contiki-srf06-cc26xx.a(packetbuf.o)
                0x00006b84                packetbuf_datalen
 .text.packetbuf_totlen
                0x00006b90       0x24 contiki-srf06-cc26xx.a(packetbuf.o)
                0x00006b90                packetbuf_totlen
 .text.packetbuf_attr_clear
                0x00006bb4       0x30 contiki-srf06-cc26xx.a(packetbuf.o)
                0x00006bb4                packetbuf_attr_clear
 .text.packetbuf_clear
                0x00006be4       0x20 contiki-srf06-cc26xx.a(packetbuf.o)
                0x00006be4                packetbuf_clear
 .text.packetbuf_copyfrom
                0x00006c04       0x40 contiki-srf06-cc26xx.a(packetbuf.o)
                0x00006c04                packetbuf_copyfrom
 .text.packetbuf_attr_copyto
                0x00006c44       0x3c contiki-srf06-cc26xx.a(packetbuf.o)
                0x00006c44                packetbuf_attr_copyto
 .text.packetbuf_attr_copyfrom
                0x00006c80       0x3c contiki-srf06-cc26xx.a(packetbuf.o)
                0x00006c80                packetbuf_attr_copyfrom
 .text.packetbuf_set_attr
                0x00006cbc       0x10 contiki-srf06-cc26xx.a(packetbuf.o)
                0x00006cbc                packetbuf_set_attr
 .text.packetbuf_attr
                0x00006ccc        0xc contiki-srf06-cc26xx.a(packetbuf.o)
                0x00006ccc                packetbuf_attr
 .text.packetbuf_set_addr
                0x00006cd8       0x18 contiki-srf06-cc26xx.a(packetbuf.o)
                0x00006cd8                packetbuf_set_addr
 .text.packetbuf_addr
                0x00006cf0       0x10 contiki-srf06-cc26xx.a(packetbuf.o)
                0x00006cf0                packetbuf_addr
 .text.packetbuf_holds_broadcast
                0x00006d00       0x10 contiki-srf06-cc26xx.a(packetbuf.o)
                0x00006d00                packetbuf_holds_broadcast
 .text.queuebuf_init
                0x00006d10       0x1c contiki-srf06-cc26xx.a(queuebuf.o)
                0x00006d10                queuebuf_init
 .text.queuebuf_new_from_packetbuf
                0x00006d2c       0x48 contiki-srf06-cc26xx.a(queuebuf.o)
                0x00006d2c                queuebuf_new_from_packetbuf
 .text.queuebuf_update_attr_from_packetbuf
                0x00006d74        0xc contiki-srf06-cc26xx.a(queuebuf.o)
                0x00006d74                queuebuf_update_attr_from_packetbuf
 .text.queuebuf_update_from_packetbuf
                0x00006d80       0x1c contiki-srf06-cc26xx.a(queuebuf.o)
                0x00006d80                queuebuf_update_from_packetbuf
 .text.queuebuf_free
                0x00006d9c       0x2c contiki-srf06-cc26xx.a(queuebuf.o)
                0x00006d9c                queuebuf_free
 .text.queuebuf_to_packetbuf
                0x00006dc8       0x30 contiki-srf06-cc26xx.a(queuebuf.o)
                0x00006dc8                queuebuf_to_packetbuf
 .text.queuebuf_attr
                0x00006df8        0xc contiki-srf06-cc26xx.a(queuebuf.o)
                0x00006df8                queuebuf_attr
 .text.input_packet
                0x00006e04        0xc contiki-srf06-cc26xx.a(csma.o)
 .text.on       0x00006e10        0xc contiki-srf06-cc26xx.a(csma.o)
 .text.off      0x00006e1c        0xc contiki-srf06-cc26xx.a(csma.o)
 .text.channel_check_interval
                0x00006e28       0x10 contiki-srf06-cc26xx.a(csma.o)
 .text.transmit_packet_list
                0x00006e38       0x34 contiki-srf06-cc26xx.a(csma.o)
 .text.schedule_transmission
                0x00006e6c       0x58 contiki-srf06-cc26xx.a(csma.o)
 .text.send_packet
                0x00006ec4      0x164 contiki-srf06-cc26xx.a(csma.o)
 .text.init     0x00007028       0x24 contiki-srf06-cc26xx.a(csma.o)
 .text.tx_done  0x0000704c       0x94 contiki-srf06-cc26xx.a(csma.o)
 .text.packet_sent
                0x000070e0       0xe8 contiki-srf06-cc26xx.a(csma.o)
 .text.mac_call_sent_callback
                0x000071c8       0x10 contiki-srf06-cc26xx.a(mac.o)
                0x000071c8                mac_call_sent_callback
 .text.duty_cycle
                0x000071d8        0x4 contiki-srf06-cc26xx.a(contikimac.o)
 .text.init     0x000071dc       0x40 contiki-srf06-cc26xx.a(contikimac.o)
 .text.on       0x0000721c       0x2c contiki-srf06-cc26xx.a(contikimac.o)
 .text.off      0x00007248       0x38 contiki-srf06-cc26xx.a(contikimac.o)
 .text.recv_burst_off
                0x00007280       0x14 contiki-srf06-cc26xx.a(contikimac.o)
 .text.powercycle_turn_radio_off.part.2
                0x00007294       0x10 contiki-srf06-cc26xx.a(contikimac.o)
 .text.turn_off
                0x000072a4       0x48 contiki-srf06-cc26xx.a(contikimac.o)
 .text.turn_on  0x000072ec       0x40 contiki-srf06-cc26xx.a(contikimac.o)
 .text.schedule_powercycle_fixed.part.5
                0x0000732c       0x2c contiki-srf06-cc26xx.a(contikimac.o)
 .text.input_packet
                0x00007358       0xac contiki-srf06-cc26xx.a(contikimac.o)
 .text.send_packet.isra.8
                0x00007404      0x228 contiki-srf06-cc26xx.a(contikimac.o)
 .text.qsend_list
                0x0000762c       0xec contiki-srf06-cc26xx.a(contikimac.o)
 .text.qsend_packet
                0x00007718       0x24 contiki-srf06-cc26xx.a(contikimac.o)
 .text.powercycle_wrapper
                0x0000773c      0x234 contiki-srf06-cc26xx.a(contikimac.o)
 .text.init     0x00007970        0x4 contiki-srf06-cc26xx.a(nullsec.o)
 .text.input    0x00007974        0xc contiki-srf06-cc26xx.a(nullsec.o)
 .text.send     0x00007980       0x20 contiki-srf06-cc26xx.a(nullsec.o)
 .text.aux_ctrl_power_up
                0x000079a0       0x28 contiki-srf06-cc26xx.a(aux-ctrl.o)
                0x000079a0                aux_ctrl_power_up
 .text.aux_ctrl_register_consumer
                0x000079c8       0x40 contiki-srf06-cc26xx.a(aux-ctrl.o)
                0x000079c8                aux_ctrl_register_consumer
 .text.aux_ctrl_power_down
                0x00007a08       0x6c contiki-srf06-cc26xx.a(aux-ctrl.o)
                0x00007a08                aux_ctrl_power_down
 .text.aux_ctrl_unregister_consumer
                0x00007a74       0x28 contiki-srf06-cc26xx.a(aux-ctrl.o)
                0x00007a74                aux_ctrl_unregister_consumer
 .text.power_up
                0x00007a9c       0x40 contiki-srf06-cc26xx.a(soc-trng.o)
 .text.request  0x00007adc       0x14 contiki-srf06-cc26xx.a(soc-trng.o)
 .text.process_thread_soc_trng_process
                0x00007af0       0x94 contiki-srf06-cc26xx.a(soc-trng.o)
 .text.accessible
                0x00007b84       0x24 contiki-srf06-cc26xx.a(soc-trng.o)
 .text.soc_trng_rand_synchronous
                0x00007ba8       0xc4 contiki-srf06-cc26xx.a(soc-trng.o)
                0x00007ba8                soc_trng_rand_synchronous
 .text.TRNGIntHandler
                0x00007c6c       0x50 contiki-srf06-cc26xx.a(soc-trng.o)
                0x00007c6c                TRNGIntHandler
 .text.soc_trng_init
                0x00007cbc       0x28 contiki-srf06-cc26xx.a(soc-trng.o)
                0x00007cbc                soc_trng_init
 .text.NOROM_SetupGetTrimForXoscHfCtl.part.3
                0x00007ce4       0x20 contiki-srf06-cc26xx.a(setup_rom.o)
 .text.NOROM_SetupGetTrimForRadcExtCfg.part.4
                0x00007d04       0x20 contiki-srf06-cc26xx.a(setup_rom.o)
 .text.NOROM_SetupAfterColdResetWakeupFromShutDownCfg1
                0x00007d24       0x7c contiki-srf06-cc26xx.a(setup_rom.o)
                0x00007d24                NOROM_SetupAfterColdResetWakeupFromShutDownCfg1
 .text.NOROM_SetupAfterColdResetWakeupFromShutDownCfg3
                0x00007da0      0x194 contiki-srf06-cc26xx.a(setup_rom.o)
                0x00007da0                NOROM_SetupAfterColdResetWakeupFromShutDownCfg3
 .text.NOROM_SetupGetTrimForAnabypassValue1
                0x00007f34       0x64 contiki-srf06-cc26xx.a(setup_rom.o)
                0x00007f34                NOROM_SetupGetTrimForAnabypassValue1
 .text.NOROM_SetupGetTrimForAmpcompCtrl
                0x00007f98       0x74 contiki-srf06-cc26xx.a(setup_rom.o)
                0x00007f98                NOROM_SetupGetTrimForAmpcompCtrl
 .text.NOROM_SetupAfterColdResetWakeupFromShutDownCfg2
                0x0000800c      0x194 contiki-srf06-cc26xx.a(setup_rom.o)
                0x0000800c                NOROM_SetupAfterColdResetWakeupFromShutDownCfg2
 .text.NOROM_SetupSetCacheModeAccordingToCcfgSetting
                0x000081a0       0x6c contiki-srf06-cc26xx.a(setup_rom.o)
                0x000081a0                NOROM_SetupSetCacheModeAccordingToCcfgSetting
 .text.sensor_common_read_reg
                0x0000820c       0x1c contiki-srf06-cc26xx.a(sensor-common.o)
                0x0000820c                sensor_common_read_reg
 .text.sensor_common_write_reg
                0x00008228       0x38 contiki-srf06-cc26xx.a(sensor-common.o)
                0x00008228                sensor_common_write_reg
 .text.sensor_common_set_error_data
                0x00008260       0x10 contiki-srf06-cc26xx.a(sensor-common.o)
                0x00008260                sensor_common_set_error_data
 .text.verify_part
                0x00008270       0x7c contiki-srf06-cc26xx.a(ext-flash.o)
 .text.wait_ready
                0x000082ec       0x64 contiki-srf06-cc26xx.a(ext-flash.o)
 .text.power_down
                0x00008350       0x50 contiki-srf06-cc26xx.a(ext-flash.o)
 .text.ext_flash_open
                0x000083a0       0x60 contiki-srf06-cc26xx.a(ext-flash.o)
                0x000083a0                ext_flash_open
 .text.ext_flash_init
                0x00008400       0x14 contiki-srf06-cc26xx.a(ext-flash.o)
                0x00008400                ext_flash_init
 .text.buzzer_init
                0x00008414        0xc contiki-srf06-cc26xx.a(buzzer.o)
                0x00008414                buzzer_init
 .text.buzzer_stop
                0x00008420       0x74 contiki-srf06-cc26xx.a(buzzer.o)
                0x00008420                buzzer_stop
 .text.accessible
                0x00008494       0x24 contiki-srf06-cc26xx.a(board-spi.o)
 .text.board_spi_write
                0x000084b8       0x3c contiki-srf06-cc26xx.a(board-spi.o)
                0x000084b8                board_spi_write
 .text.board_spi_read
                0x000084f4       0x48 contiki-srf06-cc26xx.a(board-spi.o)
                0x000084f4                board_spi_read
 .text.board_spi_flush
                0x0000853c       0x24 contiki-srf06-cc26xx.a(board-spi.o)
                0x0000853c                board_spi_flush
 .text.board_spi_open
                0x00008560       0xc0 contiki-srf06-cc26xx.a(board-spi.o)
                0x00008560                board_spi_open
 .text.board_spi_close
                0x00008620       0x70 contiki-srf06-cc26xx.a(board-spi.o)
                0x00008620                board_spi_close
 .text.process_thread_rf_core_process
                0x00008690       0x58 contiki-srf06-cc26xx.a(rf-core.o)
 .text.rf_core_is_accessible
                0x000086e8       0x10 contiki-srf06-cc26xx.a(rf-core.o)
                0x000086e8                rf_core_is_accessible
 .text.rf_core_send_cmd
                0x000086f8       0xa4 contiki-srf06-cc26xx.a(rf-core.o)
                0x000086f8                rf_core_send_cmd
 .text.rf_core_wait_cmd_done
                0x0000879c       0x30 contiki-srf06-cc26xx.a(rf-core.o)
                0x0000879c                rf_core_wait_cmd_done
 .text.rf_core_power_up
                0x000087cc       0xcc contiki-srf06-cc26xx.a(rf-core.o)
                0x000087cc                rf_core_power_up
 .text.rf_core_start_rat
                0x00008898       0x68 contiki-srf06-cc26xx.a(rf-core.o)
                0x00008898                rf_core_start_rat
 .text.rf_core_stop_rat
                0x00008900       0x7c contiki-srf06-cc26xx.a(rf-core.o)
                0x00008900                rf_core_stop_rat
 .text.rf_core_power_down
                0x0000897c       0xec contiki-srf06-cc26xx.a(rf-core.o)
                0x0000897c                rf_core_power_down
 .text.rf_core_set_modesel
                0x00008a68       0x44 contiki-srf06-cc26xx.a(rf-core.o)
                0x00008a68                rf_core_set_modesel
 .text.rf_core_boot
                0x00008aac       0x1c contiki-srf06-cc26xx.a(rf-core.o)
                0x00008aac                rf_core_boot
 .text.rf_core_restart_rat
                0x00008ac8       0x18 contiki-srf06-cc26xx.a(rf-core.o)
                0x00008ac8                rf_core_restart_rat
 .text.rf_core_setup_interrupts
                0x00008ae0       0x74 contiki-srf06-cc26xx.a(rf-core.o)
                0x00008ae0                rf_core_setup_interrupts
 .text.rf_core_cmd_done_en
                0x00008b54       0x28 contiki-srf06-cc26xx.a(rf-core.o)
                0x00008b54                rf_core_cmd_done_en
 .text.rf_core_cmd_done_dis
                0x00008b7c       0x18 contiki-srf06-cc26xx.a(rf-core.o)
                0x00008b7c                rf_core_cmd_done_dis
 .text.rf_core_get_last_radio_op
                0x00008b94        0xc contiki-srf06-cc26xx.a(rf-core.o)
                0x00008b94                rf_core_get_last_radio_op
 .text.rf_core_init_radio_op
                0x00008ba0       0x20 contiki-srf06-cc26xx.a(rf-core.o)
                0x00008ba0                rf_core_init_radio_op
 .text.rf_core_primary_mode_register
                0x00008bc0        0xc contiki-srf06-cc26xx.a(rf-core.o)
                0x00008bc0                rf_core_primary_mode_register
 .text.rf_core_primary_mode_abort
                0x00008bcc       0x14 contiki-srf06-cc26xx.a(rf-core.o)
                0x00008bcc                rf_core_primary_mode_abort
 .text.rf_core_primary_mode_restore
                0x00008be0       0x14 contiki-srf06-cc26xx.a(rf-core.o)
                0x00008be0                rf_core_primary_mode_restore
 .text.RFCCPE1IntHandler
                0x00008bf4       0x28 contiki-srf06-cc26xx.a(rf-core.o)
                0x00008bf4                RFCCPE1IntHandler
 .text.RFCCPE0IntHandler
                0x00008c1c       0x5c contiki-srf06-cc26xx.a(rf-core.o)
                0x00008c1c                RFCCPE0IntHandler
 .text.memb_init
                0x00008c78       0x24 contiki-srf06-cc26xx.a(memb.o)
                0x00008c78                memb_init
 .text.memb_alloc
                0x00008c9c       0x3c contiki-srf06-cc26xx.a(memb.o)
                0x00008c9c                memb_alloc
 .text.memb_free
                0x00008cd8       0x44 contiki-srf06-cc26xx.a(memb.o)
                0x00008cd8                memb_free
 .text.memb_inmemb
                0x00008d1c       0x1c contiki-srf06-cc26xx.a(memb.o)
                0x00008d1c                memb_inmemb
 .text.abc_open
                0x00008d38       0x20 contiki-srf06-cc26xx.a(abc.o)
                0x00008d38                abc_open
 .text.abc_send
                0x00008d58        0x4 contiki-srf06-cc26xx.a(abc.o)
                0x00008d58                abc_send
 .text.abc_input
                0x00008d5c        0xc contiki-srf06-cc26xx.a(abc.o)
                0x00008d5c                abc_input
 .text.abc_sent
                0x00008d68        0xc contiki-srf06-cc26xx.a(abc.o)
                0x00008d68                abc_sent
 .text.announcement_init
                0x00008d74        0xc contiki-srf06-cc26xx.a(announcement.o)
                0x00008d74                announcement_init
 .text.announcement_register_observer_callback
                0x00008d80        0xc contiki-srf06-cc26xx.a(announcement.o)
                0x00008d80                announcement_register_observer_callback
 .text.announcement_list
                0x00008d8c        0xc contiki-srf06-cc26xx.a(announcement.o)
                0x00008d8c                announcement_list
 .text.announcement_heard
                0x00008d98       0x3c contiki-srf06-cc26xx.a(announcement.o)
                0x00008d98                announcement_heard
 .text.adv_packet_sent
                0x00008dd4        0x4 contiki-srf06-cc26xx.a(broadcast-annou)
 .text.set_timers
                0x00008dd8       0x3c contiki-srf06-cc26xx.a(broadcast-annou)
 .text.send_timer
                0x00008e14       0x18 contiki-srf06-cc26xx.a(broadcast-annou)
 .text.send_adv
                0x00008e2c       0x58 contiki-srf06-cc26xx.a(broadcast-annou)
 .text.adv_packet_received
                0x00008e84       0x48 contiki-srf06-cc26xx.a(broadcast-annou)
 .text.new_announcement
                0x00008ecc       0x18 contiki-srf06-cc26xx.a(broadcast-annou)
 .text.broadcast_announcement_init
                0x00008ee4       0x30 contiki-srf06-cc26xx.a(broadcast-annou)
                0x00008ee4                broadcast_announcement_init
 .text.sent_by_abc
                0x00008f14        0xc contiki-srf06-cc26xx.a(broadcast.o)
 .text.recv_from_abc
                0x00008f20       0x24 contiki-srf06-cc26xx.a(broadcast.o)
 .text.broadcast_open
                0x00008f44       0x24 contiki-srf06-cc26xx.a(broadcast.o)
                0x00008f44                broadcast_open
 .text.broadcast_send
                0x00008f68       0x1c contiki-srf06-cc26xx.a(broadcast.o)
                0x00008f68                broadcast_send
 .text.chameleon_init
                0x00008f84        0x4 contiki-srf06-cc26xx.a(chameleon.o)
                0x00008f84                chameleon_init
 .text.chameleon_parse
                0x00008f88       0x1c contiki-srf06-cc26xx.a(chameleon.o)
                0x00008f88                chameleon_parse
 .text.chameleon_create
                0x00008fa4       0x20 contiki-srf06-cc26xx.a(chameleon.o)
                0x00008fa4                chameleon_create
 .text.chameleon_hdrsize
                0x00008fc4        0xc contiki-srf06-cc26xx.a(chameleon.o)
                0x00008fc4                chameleon_hdrsize
 .text.channel_init
                0x00008fd0        0xc contiki-srf06-cc26xx.a(channel.o)
                0x00008fd0                channel_init
 .text.channel_open
                0x00008fdc       0x10 contiki-srf06-cc26xx.a(channel.o)
                0x00008fdc                channel_open
 .text.channel_lookup
                0x00008fec       0x30 contiki-srf06-cc26xx.a(channel.o)
                0x00008fec                channel_lookup
 .text.channel_set_attributes
                0x0000901c       0x18 contiki-srf06-cc26xx.a(channel.o)
                0x0000901c                channel_set_attributes
 .text.NOROM_AONBatMonTemperatureGetDegC
                0x00009034       0x30 contiki-srf06-cc26xx.a(aon_batmon.o)
                0x00009034                NOROM_AONBatMonTemperatureGetDegC
 .text.NOROM_TRNGConfigure
                0x00009064       0x38 contiki-srf06-cc26xx.a(trng.o)
                0x00009064                NOROM_TRNGConfigure
 .text.parse    0x0000909c       0xa4 contiki-srf06-cc26xx.a(framer-802154.o)
 .text.create_frame.isra.0
                0x00009140      0x140 contiki-srf06-cc26xx.a(framer-802154.o)
 .text.create   0x00009280        0x8 contiki-srf06-cc26xx.a(framer-802154.o)
 .text.hdr_length
                0x00009288        0x8 contiki-srf06-cc26xx.a(framer-802154.o)
 .text.mac_sequence_is_duplicate
                0x00009290       0x50 contiki-srf06-cc26xx.a(mac-sequence.o)
                0x00009290                mac_sequence_is_duplicate
 .text.mac_sequence_register_seqno
                0x000092e0       0x6c contiki-srf06-cc26xx.a(mac-sequence.o)
                0x000092e0                mac_sequence_register_seqno
 .text.header_size
                0x0000934c       0x1c contiki-srf06-cc26xx.a(chameleon-bitop)
 .text.get_bits
                0x00009368       0xa8 contiki-srf06-cc26xx.a(chameleon-bitop)
                0x00009368                get_bits
 .text.unpack_header
                0x00009410       0xb8 contiki-srf06-cc26xx.a(chameleon-bitop)
 .text.set_bits
                0x000094c8       0xcc contiki-srf06-cc26xx.a(chameleon-bitop)
                0x000094c8                set_bits
 .text.pack_header
                0x00009594       0xa8 contiki-srf06-cc26xx.a(chameleon-bitop)
 .text.frame802154_get_pan_id
                0x0000963c        0xc contiki-srf06-cc26xx.a(frame802154.o)
                0x0000963c                frame802154_get_pan_id
 .text.frame802154_has_panid
                0x00009648       0xb8 contiki-srf06-cc26xx.a(frame802154.o)
                0x00009648                frame802154_has_panid
 .text.field_len
                0x00009700       0x9c contiki-srf06-cc26xx.a(frame802154.o)
 .text.frame802154_is_broadcast_addr
                0x0000979c       0x20 contiki-srf06-cc26xx.a(frame802154.o)
                0x0000979c                frame802154_is_broadcast_addr
 .text.frame802154_hdrlen
                0x000097bc       0x34 contiki-srf06-cc26xx.a(frame802154.o)
                0x000097bc                frame802154_hdrlen
 .text.frame802154_create_fcf
                0x000097f0       0x64 contiki-srf06-cc26xx.a(frame802154.o)
                0x000097f0                frame802154_create_fcf
 .text.frame802154_create
                0x00009854       0xb8 contiki-srf06-cc26xx.a(frame802154.o)
                0x00009854                frame802154_create
 .text.frame802154_parse_fcf
                0x0000990c       0x4c contiki-srf06-cc26xx.a(frame802154.o)
                0x0000990c                frame802154_parse_fcf
 .text.frame802154_parse
                0x00009958      0x134 contiki-srf06-cc26xx.a(frame802154.o)
                0x00009958                frame802154_parse
 .text.exp2     0x00009a8c       0x10 /usr/bin/../lib/gcc/arm-none-eabi/4.9.3/../../../../arm-none-eabi/lib/armv7-m/libm.a(lib_a-w_exp2.o)
                0x00009a8c                exp2
 .text.pow      0x00009a9c      0x2f0 /usr/bin/../lib/gcc/arm-none-eabi/4.9.3/../../../../arm-none-eabi/lib/armv7-m/libm.a(lib_a-w_pow.o)
                0x00009a9c                pow
 .text.__ieee754_sqrt
                0x00009d8c      0x18c /usr/bin/../lib/gcc/arm-none-eabi/4.9.3/../../../../arm-none-eabi/lib/armv7-m/libm.a(lib_a-e_sqrt.o)
                0x00009d8c                __ieee754_sqrt
 .text.fabs     0x00009f18        0x8 /usr/bin/../lib/gcc/arm-none-eabi/4.9.3/../../../../arm-none-eabi/lib/armv7-m/libm.a(lib_a-s_fabs.o)
                0x00009f18                fabs
 .text.finite   0x00009f20        0xc /usr/bin/../lib/gcc/arm-none-eabi/4.9.3/../../../../arm-none-eabi/lib/armv7-m/libm.a(lib_a-s_finite.o)
                0x00009f20                finite
 .text.__fpclassifyd
                0x00009f2c       0x58 /usr/bin/../lib/gcc/arm-none-eabi/4.9.3/../../../../arm-none-eabi/lib/armv7-m/libm.a(lib_a-s_fpclassify.o)
                0x00009f2c                __fpclassifyd
 .text.matherr  0x00009f84        0x4 /usr/bin/../lib/gcc/arm-none-eabi/4.9.3/../../../../arm-none-eabi/lib/armv7-m/libm.a(lib_a-s_matherr.o)
                0x00009f84                matherr
 .text.nan      0x00009f88        0xc /usr/bin/../lib/gcc/arm-none-eabi/4.9.3/../../../../arm-none-eabi/lib/armv7-m/libm.a(lib_a-s_nan.o)
                0x00009f88                nan
 .text.rint     0x00009f94      0x11c /usr/bin/../lib/gcc/arm-none-eabi/4.9.3/../../../../arm-none-eabi/lib/armv7-m/libm.a(lib_a-s_rint.o)
                0x00009f94                rint
 .text.copysign
                0x0000a0b0       0x10 /usr/bin/../lib/gcc/arm-none-eabi/4.9.3/../../../../arm-none-eabi/lib/armv7-m/libm.a(lib_a-s_copysign.o)
                0x0000a0b0                copysign
 .text          0x0000a0c0      0x370 /usr/bin/../lib/gcc/arm-none-eabi/4.9.3/armv7-m/libgcc.a(_arm_addsubdf3.o)
                0x0000a0c0                __aeabi_drsub
                0x0000a0c8                __aeabi_dsub
                0x0000a0c8                __subdf3
                0x0000a0cc                __adddf3
                0x0000a0cc                __aeabi_dadd
                0x0000a344                __aeabi_ui2d
                0x0000a344                __floatunsidf
                0x0000a364                __floatsidf
                0x0000a364                __aeabi_i2d
                0x0000a388                __extendsfdf2
                0x0000a388                __aeabi_f2d
                0x0000a3c4                __aeabi_ul2d
                0x0000a3c4                __floatundidf
                0x0000a3d4                __floatdidf
                0x0000a3d4                __aeabi_l2d
 .text          0x0000a430      0x424 /usr/bin/../lib/gcc/arm-none-eabi/4.9.3/armv7-m/libgcc.a(_arm_muldivdf3.o)
                0x0000a430                __aeabi_dmul
                0x0000a430                __muldf3
                0x0000a684                __aeabi_ddiv
                0x0000a684                __divdf3
 .text          0x0000a854      0x110 /usr/bin/../lib/gcc/arm-none-eabi/4.9.3/armv7-m/libgcc.a(_arm_cmpdf2.o)
                0x0000a854                __gtdf2
                0x0000a854                __gedf2
                0x0000a85c                __ltdf2
                0x0000a85c                __ledf2
                0x0000a864                __cmpdf2
                0x0000a864                __eqdf2
                0x0000a864                __nedf2
                0x0000a8e0                __aeabi_cdrcmple
                0x0000a8f0                __aeabi_cdcmple
                0x0000a8f0                __aeabi_cdcmpeq
                0x0000a900                __aeabi_dcmpeq
                0x0000a914                __aeabi_dcmplt
                0x0000a928                __aeabi_dcmple
                0x0000a93c                __aeabi_dcmpge
                0x0000a950                __aeabi_dcmpgt
 .text          0x0000a964       0xa0 /usr/bin/../lib/gcc/arm-none-eabi/4.9.3/armv7-m/libgcc.a(_arm_truncdfsf2.o)
                0x0000a964                __aeabi_d2f
                0x0000a964                __truncdfsf2
 .text          0x0000aa04      0x21c /usr/bin/../lib/gcc/arm-none-eabi/4.9.3/armv7-m/libgcc.a(_arm_addsubsf3.o)
                0x0000aa04                __aeabi_frsub
                0x0000aa0c                __subsf3
                0x0000aa0c                __aeabi_fsub
                0x0000aa10                __aeabi_fadd
                0x0000aa10                __addsf3
                0x0000ab70                __aeabi_ui2f
                0x0000ab70                __floatunsisf
                0x0000ab78                __aeabi_i2f
                0x0000ab78                __floatsisf
                0x0000ab94                __floatundisf
                0x0000ab94                __aeabi_ul2f
                0x0000aba4                __floatdisf
                0x0000aba4                __aeabi_l2f
 .text          0x0000ac20      0x2a0 /usr/bin/../lib/gcc/arm-none-eabi/4.9.3/armv7-m/libgcc.a(_arm_muldivsf3.o)
                0x0000ac20                __mulsf3
                0x0000ac20                __aeabi_fmul
                0x0000ad88                __divsf3
                0x0000ad88                __aeabi_fdiv
 .text          0x0000aec0       0x4c /usr/bin/../lib/gcc/arm-none-eabi/4.9.3/armv7-m/libgcc.a(_arm_fixsfsi.o)
                0x0000aec0                __fixsfsi
                0x0000aec0                __aeabi_f2iz
 .text          0x0000af0c       0x30 /usr/bin/../lib/gcc/arm-none-eabi/4.9.3/armv7-m/libgcc.a(_aeabi_uldivmod.o)
                0x0000af0c                __aeabi_uldivmod
 .text          0x0000af3c       0x60 /usr/bin/../lib/gcc/arm-none-eabi/4.9.3/armv7-m/libgcc.a(bpabi.o)
                0x0000af3c                __gnu_ldivmod_helper
                0x0000af6c                __gnu_uldivmod_helper
 .text          0x0000af9c        0x4 /usr/bin/../lib/gcc/arm-none-eabi/4.9.3/armv7-m/libgcc.a(_dvmd_tls.o)
                0x0000af9c                __aeabi_ldiv0
                0x0000af9c                __aeabi_idiv0
 .text          0x0000afa0      0x2ac /usr/bin/../lib/gcc/arm-none-eabi/4.9.3/armv7-m/libgcc.a(_divdi3.o)
                0x0000afa0                __divdi3
 .text          0x0000b24c      0x270 /usr/bin/../lib/gcc/arm-none-eabi/4.9.3/armv7-m/libgcc.a(_udivdi3.o)
                0x0000b24c                __udivdi3
 .text.__errno  0x0000b4bc        0xc /usr/bin/../lib/gcc/arm-none-eabi/4.9.3/../../../../arm-none-eabi/lib/armv7-m/libc.a(lib_a-errno.o)
                0x0000b4bc                __errno
 .text.memcmp   0x0000b4c8       0x64 /usr/bin/../lib/gcc/arm-none-eabi/4.9.3/../../../../arm-none-eabi/lib/armv7-m/libc.a(lib_a-memcmp.o)
                0x0000b4c8                memcmp
 .text          0x0000b52c       0xec /usr/bin/../lib/gcc/arm-none-eabi/4.9.3/../../../../arm-none-eabi/lib/armv7-m/libc.a(lib_a-memcpy.o)
                0x0000b52c                memcpy
 .text.memset   0x0000b618       0x9c /usr/bin/../lib/gcc/arm-none-eabi/4.9.3/../../../../arm-none-eabi/lib/armv7-m/libc.a(lib_a-memset.o)
                0x0000b618                memset
 .text.strlen   0x0000b6b4       0x5c /usr/bin/../lib/gcc/arm-none-eabi/4.9.3/../../../../arm-none-eabi/lib/armv7-m/libc.a(lib_a-strlen.o)
                0x0000b6b4                strlen
 *(SORT(.rodata*))
 .rodata.dp_h   0x0000b710       0x10 /usr/bin/../lib/gcc/arm-none-eabi/4.9.3/../../../../arm-none-eabi/lib/armv7-m/libm.a(lib_a-e_pow.o)
 .rodata.dp_l   0x0000b720       0x10 /usr/bin/../lib/gcc/arm-none-eabi/4.9.3/../../../../arm-none-eabi/lib/armv7-m/libm.a(lib_a-e_pow.o)
 .rodata.bp     0x0000b730       0x10 /usr/bin/../lib/gcc/arm-none-eabi/4.9.3/../../../../arm-none-eabi/lib/armv7-m/libm.a(lib_a-e_pow.o)
 .rodata.TWO52  0x0000b740       0x10 /usr/bin/../lib/gcc/arm-none-eabi/4.9.3/../../../../arm-none-eabi/lib/armv7-m/libm.a(lib_a-s_rint.o)
 .rodata.autostart_processes
                0x0000b750        0x8 fft.co
                0x0000b750                autostart_processes
 .rodata.str1.4
                0x0000b758      0x20f fft.co
                                0x213 (size before relaxing)
 *fill*         0x0000b967        0x1 00000000
 .rodata.str1.4
                0x0000b968       0xee contiki-srf06-cc26xx.a(contiki-main.o)
 *fill*         0x0000ba56        0x2 00000000
 .rodata.str1.4
                0x0000ba58        0x8 contiki-srf06-cc26xx.a(sensors.o)
 .rodata.str1.4
                0x0000ba60        0x7 contiki-srf06-cc26xx.a(bmp-280-sensor.)
 *fill*         0x0000ba67        0x1 00000000
 .rodata.bmp_280_sensor
                0x0000ba68       0x10 contiki-srf06-cc26xx.a(bmp-280-sensor.)
                0x0000ba68                bmp_280_sensor
 .rodata.tmp_007_sensor
                0x0000ba78       0x10 contiki-srf06-cc26xx.a(tmp-007-sensor.)
                0x0000ba78                tmp_007_sensor
 .rodata.str1.4
                0x0000ba88        0x7 contiki-srf06-cc26xx.a(tmp-007-sensor.)
 *fill*         0x0000ba8f        0x1 00000000
 .rodata.str1.4
                0x0000ba90        0x8 contiki-srf06-cc26xx.a(opt-3001-sensor)
 .rodata.opt_3001_sensor
                0x0000ba98       0x10 contiki-srf06-cc26xx.a(opt-3001-sensor)
                0x0000ba98                opt_3001_sensor
 .rodata.hdc_1000_sensor
                0x0000baa8       0x10 contiki-srf06-cc26xx.a(hdc-1000-sensor)
                0x0000baa8                hdc_1000_sensor
 .rodata.str1.4
                0x0000bab8        0x8 contiki-srf06-cc26xx.a(hdc-1000-sensor)
 .rodata.mpu_9250_sensor
                0x0000bac0       0x10 contiki-srf06-cc26xx.a(mpu-9250-sensor)
                0x0000bac0                mpu_9250_sensor
 .rodata.str1.4
                0x0000bad0        0x8 contiki-srf06-cc26xx.a(mpu-9250-sensor)
 .rodata.str1.4
                0x0000bad8        0x7 contiki-srf06-cc26xx.a(button-sensor.o)
 *fill*         0x0000badf        0x1 00000000
 .rodata.button_left_sensor
                0x0000bae0       0x10 contiki-srf06-cc26xx.a(button-sensor.o)
                0x0000bae0                button_left_sensor
 .rodata.button_right_sensor
                0x0000baf0       0x10 contiki-srf06-cc26xx.a(button-sensor.o)
                0x0000baf0                button_right_sensor
 .rodata.str1.4
                0x0000bb00        0x5 contiki-srf06-cc26xx.a(reed-relay.o)
 *fill*         0x0000bb05        0x3 00000000
 .rodata.reed_relay_sensor
                0x0000bb08       0x10 contiki-srf06-cc26xx.a(reed-relay.o)
                0x0000bb08                reed_relay_sensor
 .rodata.output_power
                0x0000bb18       0x68 contiki-srf06-cc26xx.a(ieee-mode.o)
 .rodata.mode_ieee
                0x0000bb80        0x8 contiki-srf06-cc26xx.a(ieee-mode.o)
 .rodata.ieee_mode_driver
                0x0000bb88       0x38 contiki-srf06-cc26xx.a(ieee-mode.o)
                0x0000bb88                ieee_mode_driver
 .rodata.str1.4
                0x0000bbc0       0x46 contiki-srf06-cc26xx.a(strformat.o)
 *fill*         0x0000bc06        0x2 00000000
 .rodata.buffer.4019
                0x0000bc08       0x10 contiki-srf06-cc26xx.a(strformat.o)
 .rodata.buffer.4028
                0x0000bc18       0x10 contiki-srf06-cc26xx.a(strformat.o)
 .rodata.str1.4
                0x0000bc28        0xf contiki-srf06-cc26xx.a(ctimer.o)
 *fill*         0x0000bc37        0x1 00000000
 .rodata.str1.4
                0x0000bc38        0xc contiki-srf06-cc26xx.a(etimer.o)
 .rodata.str1.4
                0x0000bc44        0xe contiki-srf06-cc26xx.a(serial-line.o)
 *fill*         0x0000bc52        0x2 00000000
 .rodata.SIN_TAB
                0x0000bc54       0x78 contiki-srf06-cc26xx.a(ifft.o)
 .rodata.str1.4
                0x0000bccc        0x5 contiki-srf06-cc26xx.a(rime.o)
 *fill*         0x0000bcd1        0x3 00000000
 .rodata.rime_driver
                0x0000bcd4        0xc contiki-srf06-cc26xx.a(rime.o)
                0x0000bcd4                rime_driver
 .rodata.linkaddr_null
                0x0000bce0        0x2 contiki-srf06-cc26xx.a(linkaddr.o)
                0x0000bce0                linkaddr_null
 *fill*         0x0000bce2        0x2 00000000
 .rodata.str1.4
                0x0000bce4        0x5 contiki-srf06-cc26xx.a(csma.o)
 *fill*         0x0000bce9        0x3 00000000
 .rodata.csma_driver
                0x0000bcec       0x1c contiki-srf06-cc26xx.a(csma.o)
                0x0000bcec                csma_driver
 .rodata.str1.4
                0x0000bd08        0xb contiki-srf06-cc26xx.a(contikimac.o)
 *fill*         0x0000bd13        0x1 00000000
 .rodata.contikimac_driver
                0x0000bd14       0x20 contiki-srf06-cc26xx.a(contikimac.o)
                0x0000bd14                contikimac_driver
 .rodata.str1.4
                0x0000bd34        0x8 contiki-srf06-cc26xx.a(nullsec.o)
 .rodata.nullsec_driver
                0x0000bd3c       0x10 contiki-srf06-cc26xx.a(nullsec.o)
                0x0000bd3c                nullsec_driver
 .rodata.str1.4
                0x0000bd4c       0x1b contiki-srf06-cc26xx.a(soc-trng.o)
 *fill*         0x0000bd67        0x1 00000000
 .rodata        0x0000bd68        0x4 contiki-srf06-cc26xx.a(ext-flash.o)
 .rodata.str1.4
                0x0000bd6c       0x46 contiki-srf06-cc26xx.a(rf-core.o)
 *fill*         0x0000bdb2        0x2 00000000
 .rodata.attributes
                0x0000bdb4        0x2 contiki-srf06-cc26xx.a(abc.o)
 *fill*         0x0000bdb6        0x2 00000000
 .rodata.broadcast_callbacks
                0x0000bdb8        0x8 contiki-srf06-cc26xx.a(broadcast-annou)
 .rodata.attributes
                0x0000bdc0        0x4 contiki-srf06-cc26xx.a(broadcast.o)
 .rodata.broadcast
                0x0000bdc4        0x8 contiki-srf06-cc26xx.a(broadcast.o)
 .rodata.framer_802154
                0x0000bdcc        0xc contiki-srf06-cc26xx.a(framer-802154.o)
                0x0000bdcc                framer_802154
 .rodata.chameleon_bitopt
                0x0000bdd8        0xc contiki-srf06-cc26xx.a(chameleon-bitop)
                0x0000bdd8                chameleon_bitopt
 .rodata.bitmask
                0x0000bde4        0x9 contiki-srf06-cc26xx.a(chameleon-bitop)
 *fill*         0x0000bded        0x3 00000000
 .rodata.str1.4
                0x0000bdf0        0x4 /usr/bin/../lib/gcc/arm-none-eabi/4.9.3/../../../../arm-none-eabi/lib/armv7-m/libm.a(lib_a-w_pow.o)
 .rodata.str1.4
                0x00000000        0x4 /usr/bin/../lib/gcc/arm-none-eabi/4.9.3/../../../../arm-none-eabi/lib/armv7-m/libm.a(lib_a-e_pow.o)
                                  0x1 (size before relaxing)
 .rodata.str1.4
                0x0000bdf4        0x4 /usr/bin/../lib/gcc/arm-none-eabi/4.9.3/../../../../arm-none-eabi/lib/armv7-m/libc.a(lib_a-impure.o)
                                  0x2 (size before relaxing)
                0x0000bdf8                _etext = .

.glue_7         0x0000bdf8        0x0
 .glue_7        0x00000000        0x0 linker stubs

.glue_7t        0x0000bdf8        0x0
 .glue_7t       0x00000000        0x0 linker stubs

.vfp11_veneer   0x0000bdf8        0x0
 .vfp11_veneer  0x00000000        0x0 linker stubs

.v4_bx          0x0000bdf8        0x0
 .v4_bx         0x00000000        0x0 linker stubs

.iplt           0x0000bdf8        0x0
 .iplt          0x00000000        0x0 obj_srf06-cc26xx/startup_gcc.o

.data           0x20000000      0x5b9 load address 0x0000bdf8
                0x20000000                _data = .
 *(SORT(vtable))
 *(SORT(.data*))
 .data.impure_data
                0x20000000      0x428 /usr/bin/../lib/gcc/arm-none-eabi/4.9.3/../../../../arm-none-eabi/lib/armv7-m/libc.a(lib_a-impure.o)
 .data.button_input_process
                0x20000428       0x10 fft.co
                0x20000428                button_input_process
 .data.sensors_process
                0x20000438       0x10 contiki-srf06-cc26xx.a(sensors.o)
                0x20000438                sensors_process
 .data.sensors  0x20000448       0x24 contiki-srf06-cc26xx.a(sensortag-senso)
                0x20000448                sensors
 .data.sensortag_module
                0x2000046c       0x14 contiki-srf06-cc26xx.a(board.o)
 .data.uart_module
                0x20000480       0x14 contiki-srf06-cc26xx.a(cc26xx-uart.o)
 .data.ble_overrides
                0x20000494       0x1c contiki-srf06-cc26xx.a(rf-ble.o)
 .data.cc26xx_rf_lpm_module
                0x200004b0       0x14 contiki-srf06-cc26xx.a(ieee-mode.o)
 .data.ieee_overrides
                0x200004c4       0x2c contiki-srf06-cc26xx.a(ieee-mode.o)
 .data.tx_power_current
                0x200004f0        0x4 contiki-srf06-cc26xx.a(ieee-mode.o)
                0x200004f0                tx_power_current
 .data.ctxt     0x200004f4        0x8 contiki-srf06-cc26xx.a(dbg-printf.o)
 .data.ctimer_process
                0x200004fc       0x10 contiki-srf06-cc26xx.a(ctimer.o)
                0x200004fc                ctimer_process
 .data.etimer_process
                0x2000050c       0x10 contiki-srf06-cc26xx.a(etimer.o)
                0x2000050c                etimer_process
 .data.serial_line_process
                0x2000051c       0x10 contiki-srf06-cc26xx.a(serial-line.o)
                0x2000051c                serial_line_process
 .data.bufmem   0x2000052c        0xc contiki-srf06-cc26xx.a(queuebuf.o)
 .data.buframmem
                0x20000538        0xc contiki-srf06-cc26xx.a(queuebuf.o)
 .data.metadata_memb
                0x20000544        0xc contiki-srf06-cc26xx.a(csma.o)
 .data.neighbor_memb
                0x20000550        0xc contiki-srf06-cc26xx.a(csma.o)
 .data.packet_memb
                0x2000055c        0xc contiki-srf06-cc26xx.a(csma.o)
 .data.rng_module
                0x20000568       0x14 contiki-srf06-cc26xx.a(soc-trng.o)
 .data.soc_trng_process
                0x2000057c       0x10 contiki-srf06-cc26xx.a(soc-trng.o)
                0x2000057c                soc_trng_process
 .data.buzzer_module
                0x2000058c       0x14 contiki-srf06-cc26xx.a(buzzer.o)
 .data.rf_core_process
                0x200005a0       0x10 contiki-srf06-cc26xx.a(rf-core.o)
                0x200005a0                rf_core_process
 .data._impure_ptr
                0x200005b0        0x4 /usr/bin/../lib/gcc/arm-none-eabi/4.9.3/../../../../arm-none-eabi/lib/armv7-m/libc.a(lib_a-impure.o)
                0x200005b0                _impure_ptr
 .data.mac_pan_id
                0x200005b4        0x2 contiki-srf06-cc26xx.a(frame802154.o)
 .data.interface
                0x200005b6        0x1 contiki-srf06-cc26xx.a(board-i2c.o)
 .data.rng_ready_event
                0x200005b7        0x1 contiki-srf06-cc26xx.a(soc-trng.o)
 .data.__fdlib_version
                0x200005b8        0x1 /usr/bin/../lib/gcc/arm-none-eabi/4.9.3/../../../../arm-none-eabi/lib/armv7-m/libm.a(lib_a-s_lib_ver.o)
                0x200005b8                __fdlib_version
                0x200005b9                _edata = .

.igot.plt       0x200005bc        0x0 load address 0x0000c3b1
 .igot.plt      0x00000000        0x0 obj_srf06-cc26xx/startup_gcc.o

.ARM.exidx      0x0000c3b4        0x8
 *(SORT(.ARM.exidx*))
 .ARM.exidx     0x0000c3b4        0x8 /usr/bin/../lib/gcc/arm-none-eabi/4.9.3/armv7-m/libgcc.a(_divdi3.o)
 .ARM.exidx     0x0000c3bc        0x0 /usr/bin/../lib/gcc/arm-none-eabi/4.9.3/armv7-m/libgcc.a(_udivdi3.o)
                                  0x8 (size before relaxing)

.bss            0x200005c0     0x1aaa
                0x200005c0                _bss = .
 *(SORT(.bss*))
 .bss.count     0x200005c0        0x8 contiki-srf06-cc26xx.a(clock.o)
 .bss.last_rat_timestamp64
                0x200005c8        0x8 contiki-srf06-cc26xx.a(ieee-mode.o)
 .bss.rands_cache
                0x200005d0       0x20 contiki-srf06-cc26xx.a(soc-trng.o)
 .bss.sendBuff  0x200005f0       0x20 fft.co
 .bss.ximfreq   0x20000610       0x80 fft.co
 .bss.data      0x20000690      0x602 fft.co
 *fill*         0x20000c92        0x2 
 .bss.xim       0x20000c94      0x100 fft.co
 .bss.ct1.8011  0x20000d94       0x20 fft.co
 .bss.et1.8010  0x20000db4       0x10 fft.co
 .bss.events.4848
                0x20000dc4        0x4 contiki-srf06-cc26xx.a(sensors.o)
 .bss.i.4847    0x20000dc8        0x4 contiki-srf06-cc26xx.a(sensors.o)
 .bss.inited    0x20000dcc        0x4 contiki-srf06-cc26xx.a(leds-arch.o)
 .bss.sensor_value
                0x20000dd0        0x6 contiki-srf06-cc26xx.a(bmp-280-sensor.)
 *fill*         0x20000dd6        0x2 
 .bss.calibration_data
                0x20000dd8       0x1c contiki-srf06-cc26xx.a(bmp-280-sensor.)
 .bss.startup_timer
                0x20000df4       0x20 contiki-srf06-cc26xx.a(bmp-280-sensor.)
 .bss.enabled   0x20000e14        0x4 contiki-srf06-cc26xx.a(bmp-280-sensor.)
 .bss.obj_temp_latched
                0x20000e18        0x4 contiki-srf06-cc26xx.a(tmp-007-sensor.)
 .bss.startup_timer
                0x20000e1c       0x20 contiki-srf06-cc26xx.a(tmp-007-sensor.)
 .bss.enabled   0x20000e3c        0x4 contiki-srf06-cc26xx.a(tmp-007-sensor.)
 .bss.buf       0x20000e40        0x4 contiki-srf06-cc26xx.a(tmp-007-sensor.)
 .bss.amb_temp_latched
                0x20000e44        0x4 contiki-srf06-cc26xx.a(tmp-007-sensor.)
 .bss.startup_timer
                0x20000e48       0x20 contiki-srf06-cc26xx.a(opt-3001-sensor)
 .bss.state     0x20000e68        0x4 contiki-srf06-cc26xx.a(opt-3001-sensor)
 .bss.startup_timer
                0x20000e6c       0x20 contiki-srf06-cc26xx.a(hdc-1000-sensor)
 .bss.enabled   0x20000e8c        0x4 contiki-srf06-cc26xx.a(hdc-1000-sensor)
 .bss.data      0x20000e90        0x4 contiki-srf06-cc26xx.a(hdc-1000-sensor)
 .bss.sensor_value
                0x20000e94        0x6 contiki-srf06-cc26xx.a(mpu-9250-sensor)
 *fill*         0x20000e9a        0x2 
 .bss.startup_timer
                0x20000e9c       0x20 contiki-srf06-cc26xx.a(mpu-9250-sensor)
 .bss.state     0x20000ebc        0x4 contiki-srf06-cc26xx.a(mpu-9250-sensor)
 .bss.elements  0x20000ec0        0x4 contiki-srf06-cc26xx.a(mpu-9250-sensor)
 .bss.left_timer
                0x20000ec4       0x10 contiki-srf06-cc26xx.a(button-sensor.o)
 .bss.debouncetimer
                0x20000ed4        0x8 contiki-srf06-cc26xx.a(reed-relay.o)
 .bss.last_isr_time
                0x20000edc        0x4 contiki-srf06-cc26xx.a(soc-rtc.o)
 .bss.input_handler
                0x20000ee0        0x4 contiki-srf06-cc26xx.a(cc26xx-uart.o)
 .bss.modules_list_list
                0x20000ee4        0x4 contiki-srf06-cc26xx.a(lpm.o)
 .bss.handlers  0x20000ee8       0x80 contiki-srf06-cc26xx.a(gpio-interrupt.)
 .bss.payload   0x20000f68       0x40 contiki-srf06-cc26xx.a(rf-ble.o)
 .bss.p         0x20000fa8        0x4 contiki-srf06-cc26xx.a(rf-ble.o)
 .bss.ble_adv_et
                0x20000fac       0x10 contiki-srf06-cc26xx.a(rf-ble.o)
 .bss.i         0x20000fbc        0x4 contiki-srf06-cc26xx.a(rf-ble.o)
 .bss.ble_params_buf
                0x20000fc0       0x20 contiki-srf06-cc26xx.a(rf-ble.o)
 .bss.rat_overflow_counter
                0x20000fe0        0x4 contiki-srf06-cc26xx.a(ieee-mode.o)
 .bss.rx_buf_0  0x20000fe4       0x90 contiki-srf06-cc26xx.a(ieee-mode.o)
 .bss.rx_buf_1  0x20001074       0x90 contiki-srf06-cc26xx.a(ieee-mode.o)
 .bss.rx_buf_2  0x20001104       0x90 contiki-srf06-cc26xx.a(ieee-mode.o)
 .bss.rx_buf_3  0x20001194       0x90 contiki-srf06-cc26xx.a(ieee-mode.o)
 .bss.filter_cmd
                0x20001224        0x8 contiki-srf06-cc26xx.a(ieee-mode.o)
 .bss.last_packet_timestamp
                0x2000122c        0x4 contiki-srf06-cc26xx.a(ieee-mode.o)
 .bss.rx_data_queue
                0x20001230        0x8 contiki-srf06-cc26xx.a(ieee-mode.o)
 .bss.rat_overflow_timer
                0x20001238       0x20 contiki-srf06-cc26xx.a(ieee-mode.o)
 .bss.last_value.8808
                0x20001258        0x4 contiki-srf06-cc26xx.a(ieee-mode.o)
 .bss.rx_read_entry
                0x2000125c        0x4 contiki-srf06-cc26xx.a(ieee-mode.o)
 .bss.last_rat_overflow
                0x20001260        0x4 contiki-srf06-cc26xx.a(ieee-mode.o)
 .bss.cmd_ieee_rx_buf
                0x20001264       0x80 contiki-srf06-cc26xx.a(ieee-mode.o)
 .bss.rf_stats  0x200012e4       0x10 contiki-srf06-cc26xx.a(ieee-mode.o)
 .bss.tx_buf    0x200012f4       0xb6 contiki-srf06-cc26xx.a(ieee-mode.o)
 *fill*         0x200013aa        0x2 
 .bss.ctimer_list_list
                0x200013ac        0x4 contiki-srf06-cc26xx.a(ctimer.o)
 .bss.timerlist
                0x200013b0        0x4 contiki-srf06-cc26xx.a(etimer.o)
 .bss.next_expiration
                0x200013b4        0x4 contiki-srf06-cc26xx.a(etimer.o)
 .bss.process_current
                0x200013b8        0x4 contiki-srf06-cc26xx.a(process.o)
                0x200013b8                process_current
 .bss.process_list
                0x200013bc        0x4 contiki-srf06-cc26xx.a(process.o)
                0x200013bc                process_list
 .bss.events    0x200013c0      0x180 contiki-srf06-cc26xx.a(process.o)
 .bss.next_rtimer
                0x20001540        0x4 contiki-srf06-cc26xx.a(rtimer.o)
 .bss.rxbuf_data
                0x20001544       0x80 contiki-srf06-cc26xx.a(serial-line.o)
 .bss.rxbuf     0x200015c4        0x8 contiki-srf06-cc26xx.a(serial-line.o)
 .bss.buf.4831  0x200015cc       0x80 contiki-srf06-cc26xx.a(serial-line.o)
 .bss.ptr.4832  0x2000164c        0x4 contiki-srf06-cc26xx.a(serial-line.o)
 .bss.sniffers_list
                0x20001650        0x4 contiki-srf06-cc26xx.a(rime.o)
 .bss.powerQualGlobals
                0x20001654        0x8 contiki-srf06-cc26xx.a(sys_ctrl.o)
 .bss.packetbuf_aligned
                0x2000165c       0x80 contiki-srf06-cc26xx.a(packetbuf.o)
 .bss.buframmem_memb_count
                0x200016dc        0x8 contiki-srf06-cc26xx.a(queuebuf.o)
 .bss.bufmem_memb_mem
                0x200016e4       0x20 contiki-srf06-cc26xx.a(queuebuf.o)
 .bss.buframmem_memb_mem
                0x20001704      0x5f0 contiki-srf06-cc26xx.a(queuebuf.o)
 .bss.bufmem_memb_count
                0x20001cf4        0x8 contiki-srf06-cc26xx.a(queuebuf.o)
 .bss.metadata_memb_memb_count
                0x20001cfc        0x8 contiki-srf06-cc26xx.a(csma.o)
 .bss.packet_memb_memb_count
                0x20001d04        0x8 contiki-srf06-cc26xx.a(csma.o)
 .bss.metadata_memb_memb_mem
                0x20001d0c       0x60 contiki-srf06-cc26xx.a(csma.o)
 .bss.neighbor_list_list
                0x20001d6c        0x4 contiki-srf06-cc26xx.a(csma.o)
 .bss.packet_memb_memb_mem
                0x20001d70       0x60 contiki-srf06-cc26xx.a(csma.o)
 .bss.neighbor_memb_memb_count
                0x20001dd0        0x2 contiki-srf06-cc26xx.a(csma.o)
 *fill*         0x20001dd2        0x2 
 .bss.neighbor_memb_memb_mem
                0x20001dd4       0x68 contiki-srf06-cc26xx.a(csma.o)
 .bss.cycle_start
                0x20001e3c        0x4 contiki-srf06-cc26xx.a(contikimac.o)
 .bss.we_are_receiving_burst
                0x20001e40        0x4 contiki-srf06-cc26xx.a(contikimac.o)
 .bss.rt        0x20001e44        0xc contiki-srf06-cc26xx.a(contikimac.o)
 .bss.start.7019
                0x20001e50        0x4 contiki-srf06-cc26xx.a(contikimac.o)
 .bss.ct.7094   0x20001e54       0x20 contiki-srf06-cc26xx.a(contikimac.o)
 .bss.pt        0x20001e74        0x2 contiki-srf06-cc26xx.a(contikimac.o)
 *fill*         0x20001e76        0x2 
 .bss.consumers_list_list
                0x20001e78        0x4 contiki-srf06-cc26xx.a(aux-ctrl.o)
 .bss.notify_cb
                0x20001e7c        0x4 contiki-srf06-cc26xx.a(soc-trng.o)
 .bss.rands_mask
                0x20001e80        0x4 contiki-srf06-cc26xx.a(soc-trng.o)
 .bss.buffer    0x20001e84       0x20 contiki-srf06-cc26xx.a(sensor-common.o)
 .bss.last_radio_op
                0x20001ea4        0x4 contiki-srf06-cc26xx.a(rf-core.o)
 .bss.primary_mode
                0x20001ea8        0x4 contiki-srf06-cc26xx.a(rf-core.o)
 .bss.rat_offset
                0x20001eac        0x4 contiki-srf06-cc26xx.a(rf-core.o)
                0x20001eac                rat_offset
 .bss.announcements_list
                0x20001eb0        0x4 contiki-srf06-cc26xx.a(announcement.o)
 .bss.observer_callback
                0x20001eb4        0x4 contiki-srf06-cc26xx.a(announcement.o)
 .bss.c         0x20001eb8       0x6c contiki-srf06-cc26xx.a(broadcast-annou)
 .bss.channel_list_list
                0x20001f24        0x4 contiki-srf06-cc26xx.a(channel.o)
 .bss.received_seqnos
                0x20001f28       0xc0 contiki-srf06-cc26xx.a(mac-sequence.o)
 .bss.node_id   0x20001fe8        0x2 contiki-srf06-cc26xx.a(contiki-main.o)
                0x20001fe8                node_id
 .bss.val       0x20001fea        0x2 contiki-srf06-cc26xx.a(tmp-007-sensor.)
 .bss.raw_temp  0x20001fec        0x2 contiki-srf06-cc26xx.a(hdc-1000-sensor)
 .bss.raw_hum   0x20001fee        0x2 contiki-srf06-cc26xx.a(hdc-1000-sensor)
 .bss.buflen    0x20001ff0        0x2 contiki-srf06-cc26xx.a(packetbuf.o)
 .bss.bufptr    0x20001ff2        0x2 contiki-srf06-cc26xx.a(packetbuf.o)
 .bss.seqno.6294
                0x20001ff4        0x2 contiki-srf06-cc26xx.a(csma.o)
 .bss.MPU_SWITCH.8012
                0x20001ff6        0x1 fft.co
 .bss.num_sensors
                0x20001ff7        0x1 contiki-srf06-cc26xx.a(sensors.o)
 .bss.leds      0x20001ff8        0x1 contiki-srf06-cc26xx.a(leds.o)
 .bss.c         0x20001ff9        0x1 contiki-srf06-cc26xx.a(leds-arch.o)
 .bss.success   0x20001ffa        0x1 contiki-srf06-cc26xx.a(hdc-1000-sensor)
 .bss.interrupt_status
                0x20001ffb        0x1 contiki-srf06-cc26xx.a(mpu-9250-sensor)
 .bss.acc_range_reg
                0x20001ffc        0x1 contiki-srf06-cc26xx.a(mpu-9250-sensor)
 .bss.mpu_config
                0x20001ffd        0x1 contiki-srf06-cc26xx.a(mpu-9250-sensor)
 .bss.acc_range
                0x20001ffe        0x1 contiki-srf06-cc26xx.a(mpu-9250-sensor)
 .bss.val       0x20001fff        0x1 contiki-srf06-cc26xx.a(mpu-9250-sensor)
 .bss.slave_addr
                0x20002000        0x1 contiki-srf06-cc26xx.a(board-i2c.o)
 .bss.ble_mode_on
                0x20002001        0x1 contiki-srf06-cc26xx.a(rf-ble.o)
 .bss.poll_mode
                0x20002002        0x1 contiki-srf06-cc26xx.a(ieee-mode.o)
 .bss.last_rssi
                0x20002003        0x1 contiki-srf06-cc26xx.a(ieee-mode.o)
 .bss.last_corr_lqi
                0x20002004        0x1 contiki-srf06-cc26xx.a(ieee-mode.o)
 .bss.initialized
                0x20002005        0x1 contiki-srf06-cc26xx.a(ctimer.o)
 .bss.fevent    0x20002006        0x1 contiki-srf06-cc26xx.a(process.o)
 .bss.nevents   0x20002007        0x1 contiki-srf06-cc26xx.a(process.o)
 .bss.poll_requested
                0x20002008        0x1 contiki-srf06-cc26xx.a(process.o)
 .bss.lastevent
                0x20002009        0x1 contiki-srf06-cc26xx.a(process.o)
 .bss.hdrlen    0x2000200a        0x1 contiki-srf06-cc26xx.a(packetbuf.o)
 .bss.initialized.6293
                0x2000200b        0x1 contiki-srf06-cc26xx.a(csma.o)
 .bss.count.7014
                0x2000200c        0x1 contiki-srf06-cc26xx.a(contikimac.o)
 .bss.radio_is_on
                0x2000200d        0x1 contiki-srf06-cc26xx.a(contikimac.o)
 .bss.we_are_sending
                0x2000200e        0x1 contiki-srf06-cc26xx.a(contikimac.o)
 .bss.contikimac_keep_radio_on
                0x2000200f        0x1 contiki-srf06-cc26xx.a(contikimac.o)
 .bss.packet_seen.7013
                0x20002010        0x1 contiki-srf06-cc26xx.a(contikimac.o)
 .bss.contikimac_is_on
                0x20002011        0x1 contiki-srf06-cc26xx.a(contikimac.o)
 .bss.periods.7021
                0x20002012        0x1 contiki-srf06-cc26xx.a(contikimac.o)
 .bss.silence_periods.7020
                0x20002013        0x1 contiki-srf06-cc26xx.a(contikimac.o)
 .bss.buzzer_on
                0x20002014        0x1 contiki-srf06-cc26xx.a(buzzer.o)
 .bss.rat_offset_known
                0x20002015        0x1 contiki-srf06-cc26xx.a(rf-core.o)
 .bss.mac_dsn   0x20002016        0x1 contiki-srf06-cc26xx.a(framer-802154.o)
 .bss.initialized
                0x20002017        0x1 contiki-srf06-cc26xx.a(framer-802154.o)
 *(SORT(COMMON))
 COMMON         0x20002018        0x9 contiki-srf06-cc26xx.a(sensortag-senso)
                0x20002018                sensors_flags
 *fill*         0x20002021        0x3 
 COMMON         0x20002024        0x4 contiki-srf06-cc26xx.a(mpu-9250-sensor)
                0x20002024                t0
 COMMON         0x20002028        0x2 contiki-srf06-cc26xx.a(linkaddr.o)
                0x20002028                linkaddr_node_addr
 *fill*         0x2000202a        0x2 
 COMMON         0x2000202c       0x3c contiki-srf06-cc26xx.a(packetbuf.o)
                0x2000202c                packetbuf_addrs
                0x20002034                packetbuf_attrs
 COMMON         0x20002068        0x1 contiki-srf06-cc26xx.a(sensors.o)
                0x20002068                sensors_event
 COMMON         0x20002069        0x1 contiki-srf06-cc26xx.a(serial-line.o)
                0x20002069                serial_line_event_message
                0x2000206a                _ebss = .

.ccfg           0x0001ffa8       0x58
 *(SORT(.ccfg))
 .ccfg          0x0001ffa8       0x58 obj_srf06-cc26xx/ccfg.o
                0x0001ffa8                __ccfg

.rel.dyn        0x00020000        0x0
 .rel.iplt      0x00000000        0x0 obj_srf06-cc26xx/startup_gcc.o

._user_heap_stack
                0x2000206a      0x102
                0x2000206c                . = ALIGN (0x4)
 *fill*         0x2000206a        0x2 
                0x2000206c                . = (. + _Min_Heap_Size)
                0x2000216c                . = (. + _Min_Stack_Size)
 *fill*         0x2000206c      0x100 
                0x2000216c                . = ALIGN (0x4)

.gpram
OUTPUT(fft.elf elf32-littlearm)

.comment        0x00000000       0x70
 .comment       0x00000000       0x70 obj_srf06-cc26xx/fault-handlers.o
                                 0x71 (size before relaxing)
 .comment       0x00000000       0x71 obj_srf06-cc26xx/ccfg.o
 .comment       0x00000000       0x71 obj_srf06-cc26xx/startup_gcc.o
 .comment       0x00000000       0x71 fft.co
 .comment       0x00000000       0x71 contiki-srf06-cc26xx.a(contiki-main.o)
 .comment       0x00000000       0x71 contiki-srf06-cc26xx.a(sensors.o)
 .comment       0x00000000       0x71 contiki-srf06-cc26xx.a(leds.o)
 .comment       0x00000000       0x71 contiki-srf06-cc26xx.a(leds-arch.o)
 .comment       0x00000000       0x71 contiki-srf06-cc26xx.a(sensortag-senso)
 .comment       0x00000000       0x71 contiki-srf06-cc26xx.a(bmp-280-sensor.)
 .comment       0x00000000       0x71 contiki-srf06-cc26xx.a(tmp-007-sensor.)
 .comment       0x00000000       0x71 contiki-srf06-cc26xx.a(opt-3001-sensor)
 .comment       0x00000000       0x71 contiki-srf06-cc26xx.a(hdc-1000-sensor)
 .comment       0x00000000       0x71 contiki-srf06-cc26xx.a(mpu-9250-sensor)
 .comment       0x00000000       0x71 contiki-srf06-cc26xx.a(button-sensor.o)
 .comment       0x00000000       0x71 contiki-srf06-cc26xx.a(reed-relay.o)
 .comment       0x00000000       0x71 contiki-srf06-cc26xx.a(board.o)
 .comment       0x00000000       0x71 contiki-srf06-cc26xx.a(board-i2c.o)
 .comment       0x00000000       0x71 contiki-srf06-cc26xx.a(clock.o)
 .comment       0x00000000       0x71 contiki-srf06-cc26xx.a(rtimer-arch.o)
 .comment       0x00000000       0x71 contiki-srf06-cc26xx.a(soc-rtc.o)
 .comment       0x00000000       0x71 contiki-srf06-cc26xx.a(contiki-watchdo)
 .comment       0x00000000       0x71 contiki-srf06-cc26xx.a(putchar.o)
 .comment       0x00000000       0x71 contiki-srf06-cc26xx.a(ieee-addr.o)
 .comment       0x00000000       0x71 contiki-srf06-cc26xx.a(cc26xx-uart.o)
 .comment       0x00000000       0x71 contiki-srf06-cc26xx.a(lpm.o)
 .comment       0x00000000       0x71 contiki-srf06-cc26xx.a(gpio-interrupt.)
 .comment       0x00000000       0x71 contiki-srf06-cc26xx.a(oscillators.o)
 .comment       0x00000000       0x71 contiki-srf06-cc26xx.a(rf-ble.o)
 .comment       0x00000000       0x71 contiki-srf06-cc26xx.a(ieee-mode.o)
 .comment       0x00000000       0x71 contiki-srf06-cc26xx.a(dbg-printf.o)
 .comment       0x00000000       0x71 contiki-srf06-cc26xx.a(strformat.o)
 .comment       0x00000000       0x71 contiki-srf06-cc26xx.a(autostart.o)
 .comment       0x00000000       0x71 contiki-srf06-cc26xx.a(ctimer.o)
 .comment       0x00000000       0x71 contiki-srf06-cc26xx.a(energest.o)
 .comment       0x00000000       0x71 contiki-srf06-cc26xx.a(etimer.o)
 .comment       0x00000000       0x71 contiki-srf06-cc26xx.a(process.o)
 .comment       0x00000000       0x71 contiki-srf06-cc26xx.a(rtimer.o)
 .comment       0x00000000       0x71 contiki-srf06-cc26xx.a(timer.o)
 .comment       0x00000000       0x71 contiki-srf06-cc26xx.a(serial-line.o)
 .comment       0x00000000       0x71 contiki-srf06-cc26xx.a(ifft.o)
 .comment       0x00000000       0x71 contiki-srf06-cc26xx.a(list.o)
 .comment       0x00000000       0x71 contiki-srf06-cc26xx.a(random.o)
 .comment       0x00000000       0x71 contiki-srf06-cc26xx.a(ringbuf.o)
 .comment       0x00000000       0x71 contiki-srf06-cc26xx.a(rime.o)
 .comment       0x00000000       0x71 contiki-srf06-cc26xx.a(adi.o)
 .comment       0x00000000       0x71 contiki-srf06-cc26xx.a(aon_rtc.o)
 .comment       0x00000000       0x71 contiki-srf06-cc26xx.a(chipinfo.o)
 .comment       0x00000000       0x71 contiki-srf06-cc26xx.a(cpu.o)
 .comment       0x00000000       0x71 contiki-srf06-cc26xx.a(ddi.o)
 .comment       0x00000000       0x71 contiki-srf06-cc26xx.a(osc.o)
 .comment       0x00000000       0x71 contiki-srf06-cc26xx.a(pwr_ctrl.o)
 .comment       0x00000000       0x71 contiki-srf06-cc26xx.a(setup.o)
 .comment       0x00000000       0x71 contiki-srf06-cc26xx.a(sys_ctrl.o)
 .comment       0x00000000       0x71 contiki-srf06-cc26xx.a(linkaddr.o)
 .comment       0x00000000       0x71 contiki-srf06-cc26xx.a(netstack.o)
 .comment       0x00000000       0x71 contiki-srf06-cc26xx.a(packetbuf.o)
 .comment       0x00000000       0x71 contiki-srf06-cc26xx.a(queuebuf.o)
 .comment       0x00000000       0x71 contiki-srf06-cc26xx.a(csma.o)
 .comment       0x00000000       0x71 contiki-srf06-cc26xx.a(mac.o)
 .comment       0x00000000       0x71 contiki-srf06-cc26xx.a(contikimac.o)
 .comment       0x00000000       0x71 contiki-srf06-cc26xx.a(nullsec.o)
 .comment       0x00000000       0x71 contiki-srf06-cc26xx.a(aux-ctrl.o)
 .comment       0x00000000       0x71 contiki-srf06-cc26xx.a(soc-trng.o)
 .comment       0x00000000       0x71 contiki-srf06-cc26xx.a(setup_rom.o)
 .comment       0x00000000       0x71 contiki-srf06-cc26xx.a(sensor-common.o)